============================================================
[请求时间] 2026/7/22 16:37:22
[请求路径] https://pay-api.ds.163.com/v1/web/init/server/time
[请求方式] GET
[请求参数] {"query":null,"body":null}
[请求头] {"Accept":"application/json, text/plain, */*","Content-Type":"application/json;charset=UTF-8","User-Agent":"Mozilla/5.0 (Windows NT 10.0; Win64; x64) AppleWebKit/537.36 (KHTML, like Gecko) Chrome/122.0.0.0 Safari/537.36","Origin":"https://pay.ds.163.com","Referer":"https://pay.ds.163.com/","GL-ClientType":"60","GL-DeviceId":"464b0715-8c88-453c-8bdb-01cdffe2feb9","GL-Uid":"e0dda217f7dd4e2b81935a3f42a18b63","GL-X-XSRF-TOKEN":"31a0b699-7575-4cce-a6e4-9dd1fa2570d3","Accept-Encoding":"gzip, compress, deflate, br"}
[响应结果] {"httpStatus":404,"data":"<!DOCTYPE HTML PUBLIC \"-//W3C//DTD HTML 3.2 Final//EN\">\n<title>404 Not Found</title>\n<h1>Not Found</h1>\n<p>The requested URL was not found on the server. If you entered the URL manually please check your spelling and try again.</p>\n"}
============================================================
============================================================
[请求时间] 2026/7/22 16:37:22
[请求路径] https://pay-api.ds.163.com/api/nlogin
[请求方式] GET
[请求参数] {"query":{},"body":null}
[请求头] {"Accept":"application/json, text/plain, */*","Content-Type":"application/json;charset=UTF-8","GL-X-XSRF-TOKEN":"31a0b699-7575-4cce-a6e4-9dd1fa2570d3","User-Agent":"Mozilla/5.0 (Windows NT 10.0; Win64; x64) AppleWebKit/537.36 (KHTML, like Gecko) Chrome/122.0.0.0 Safari/537.36","Origin":"https://pay.ds.163.com","Referer":"https://pay.ds.163.com/","GL-ClientType":"60","GL-DeviceId":"464b0715-8c88-453c-8bdb-01cdffe2feb9","GL-Uid":"e0dda217f7dd4e2b81935a3f42a18b63","Accept-Encoding":"gzip, compress, deflate, br"}
[响应结果] {"httpStatus":200,"data":{"code":413,"msg":"登录失败"}}
============================================================
============================================================
[请求时间] 2026/7/22 16:37:22
[请求路径] https://inf.ds.163.com/v1/web/cooperate/plutus/cookie-exchange
[请求方式] GET
[请求参数] {"query":null,"body":null}
[请求头] {"Accept":"application/json, text/plain, */*","Content-Type":"application/json;charset=UTF-8","GL-X-XSRF-TOKEN":"31a0b699-7575-4cce-a6e4-9dd1fa2570d3","User-Agent":"Mozilla/5.0 (Windows NT 10.0; Win64; x64) AppleWebKit/537.36 (KHTML, like Gecko) Chrome/122.0.0.0 Safari/537.36","Origin":"https://pay.ds.163.com","Referer":"https://pay.ds.163.com/","GL-ClientType":"60","GL-DeviceId":"464b0715-8c88-453c-8bdb-01cdffe2feb9","GL-Uid":"e0dda217f7dd4e2b81935a3f42a18b63","Accept-Encoding":"gzip, compress, deflate, br"}
[响应结果] {"httpStatus":200,"data":{"result":{"user":{"uid":"e0dda217f7dd4e2b81935a3f42a18b63","nick":"游戏玩家773070720","icon":"","intro":"","gender":1,"updateTime":1784619137481,"userSourceType":"URS"},"newUser":false},"code":200,"errmsg":"OK"}}
============================================================
============================================================
[请求时间] 2026/7/22 16:37:22
[请求路径] https://pay-api.ds.163.com/v1/web/init/server/time
[请求方式] GET
[请求参数] {"query":null,"body":null}
[请求头] {"Accept":"application/json, text/plain, */*","Content-Type":"application/json;charset=UTF-8","GL-X-XSRF-TOKEN":"31a0b699-7575-4cce-a6e4-9dd1fa2570d3","User-Agent":"Mozilla/5.0 (Windows NT 10.0; Win64; x64) AppleWebKit/537.36 (KHTML, like Gecko) Chrome/122.0.0.0 Safari/537.36","Origin":"https://pay.ds.163.com","Referer":"https://pay.ds.163.com/","GL-ClientType":"60","GL-DeviceId":"464b0715-8c88-453c-8bdb-01cdffe2feb9","GL-Uid":"e0dda217f7dd4e2b81935a3f42a18b63","Accept-Encoding":"gzip, compress, deflate, br"}
[响应结果] {"httpStatus":404,"data":"<!DOCTYPE HTML PUBLIC \"-//W3C//DTD HTML 3.2 Final//EN\">\n<title>404 Not Found</title>\n<h1>Not Found</h1>\n<p>The requested URL was not found on the server. If you entered the URL manually please check your spelling and try again.</p>\n"}
============================================================
============================================================
[请求时间] 2026/7/22 16:37:22
[请求路径] https://inf.ds.163.com/v1/web/exp/week-coupon/showing-list-v2
[请求方式] POST
[请求参数] {"query":null,"body":{}}
[请求头] {"Accept":"application/json, text/plain, */*","Content-Type":"application/json;charset=UTF-8","GL-X-XSRF-TOKEN":"31a0b699-7575-4cce-a6e4-9dd1fa2570d3","User-Agent":"Mozilla/5.0 (Windows NT 10.0; Win64; x64) AppleWebKit/537.36 (KHTML, like Gecko) Chrome/122.0.0.0 Safari/537.36","Origin":"https://pay.ds.163.com","Referer":"https://pay.ds.163.com/","GL-ClientType":"60","GL-DeviceId":"464b0715-8c88-453c-8bdb-01cdffe2feb9","GL-Uid":"e0dda217f7dd4e2b81935a3f42a18b63","GL-CheckSum":"b29d16d4b7797618002d9dd93ab33df57e17e671","Content-Length":"2","Accept-Encoding":"gzip, compress, deflate, br"}
[响应结果] {"httpStatus":200,"data":{"result":{"coupons":[{"couponId":"687076e69f3efd24cb2bed9c","name":"V1","amount":1,"xyLevel":"V1","seckillTime":"WEEKLY","periods":[{"weekDay":1,"seckillStartTime":1784520000000,"seckillEndTime":1784692799999,"status":"ENDED"},{"weekDay":3,"seckillStartTime":1784692800000,"seckillEndTime":1784865599999,"status":"PROGRESSING","acquiredStatus":"ACQUIRED","stockId":"687076e69f3efd24cb2bed9c_WEEKLY_1784692800000"},{"weekDay":5,"seckillStartTime":1784865600000,"seckillEndTime":1785124799999,"status":"NOT_STARTED"},{"weekDay":1,"seckillStartTime":1785124800000,"seckillEndTime":1785297599999,"status":"NOT_STARTED"},{"weekDay":3,"seckillStartTime":1785297600000,"seckillEndTime":1785470399999,"status":"NOT_STARTED"},{"weekDay":5,"seckillStartTime":1785470400000,"seckillEndTime":1784519999999,"status":"NOT_STARTED"}]},{"couponId":"68708657f56f912f57e063bf","name":"V2","amount":2,"xyLevel":"V2","seckillTime":"WEEKLY","periods":[{"weekDay":1,"seckillStartTime":1784520000000,"seckillEndTime":1784692799999,"status":"ENDED"},{"weekDay":3,"seckillStartTime":1784692800000,"seckillEndTime":1784865599999,"status":"PROGRESSING"},{"weekDay":5,"seckillStartTime":1784865600000,"seckillEndTime":1785124799999,"status":"NOT_STARTED"},{"weekDay":1,"seckillStartTime":1785124800000,"seckillEndTime":1785297599999,"status":"NOT_STARTED"},{"weekDay":3,"seckillStartTime":1785297600000,"seckillEndTime":1785470399999,"status":"NOT_STARTED"},{"weekDay":5,"seckillStartTime":1785470400000,"seckillEndTime":1784519999999,"status":"NOT_STARTED"}]},{"couponId":"6870867989fddd2bbdec96bc","name":"V3","amount":3,"xyLevel":"V3","seckillTime":"WEEKLY","periods":[{"weekDay":1,"seckillStartTime":1784520000000,"seckillEndTime":1784692799999,"status":"ENDED"},{"weekDay":3,"seckillStartTime":1784692800000,"seckillEndTime":1784865599999,"status":"PROGRESSING"},{"weekDay":5,"seckillStartTime":1784865600000,"seckillEndTime":1785124799999,"status":"NOT_STARTED"},{"weekDay":1,"seckillStartTime":1785124800000,"seckillEndTime":1785297599999,"status":"NOT_STARTED"},{"weekDay":3,"seckillStartTime":1785297600000,"seckillEndTime":1785470399999,"status":"NOT_STARTED"},{"weekDay":5,"seckillStartTime":1785470400000,"seckillEndTime":1784519999999,"status":"NOT_STARTED"}]},{"couponId":"6870869cf56f912f57e063c0","name":"V4","amount":8,"xyLevel":"V4","seckillTime":"WEEKLY","periods":[{"weekDay":1,"seckillStartTime":1784520000000,"seckillEndTime":1784692799999,"status":"ENDED"},{"weekDay":3,"seckillStartTime":1784692800000,"seckillEndTime":1784865599999,"status":"PROGRESSING"},{"weekDay":5,"seckillStartTime":1784865600000,"seckillEndTime":1785124799999,"status":"NOT_STARTED"},{"weekDay":1,"seckillStartTime":1785124800000,"seckillEndTime":1785297599999,"status":"NOT_STARTED"},{"weekDay":3,"seckillStartTime":1785297600000,"seckillEndTime":1785470399999,"status":"NOT_STARTED"},{"weekDay":5,"seckillStartTime":1785470400000,"seckillEndTime":1784519999999,"status":"NOT_STARTED"}]},{"couponId":"687086e33d0d02335c1804f4","name":"V5","amount":18,"xyLevel":"V5","seckillTime":"WEEKLY","periods":[{"weekDay":1,"seckillStartTime":1784520000000,"seckillEndTime":1784692799999,"status":"ENDED"},{"weekDay":3,"seckillStartTime":1784692800000,"seckillEndTime":1784865599999,"status":"PROGRESSING"},{"weekDay":5,"seckillStartTime":1784865600000,"seckillEndTime":1785124799999,"status":"NOT_STARTED"},{"weekDay":1,"seckillStartTime":1785124800000,"seckillEndTime":1785297599999,"status":"NOT_STARTED"},{"weekDay":3,"seckillStartTime":1785297600000,"seckillEndTime":1785470399999,"status":"NOT_STARTED"},{"weekDay":5,"seckillStartTime":1785470400000,"seckillEndTime":1784519999999,"status":"NOT_STARTED"}]},{"couponId":"68708705f56f912f57e063c3","name":"V6","amount":30,"xyLevel":"V6","seckillTime":"WEEKLY","periods":[{"weekDay":1,"seckillStartTime":1784520000000,"seckillEndTime":1784692799999,"status":"ENDED"},{"weekDay":3,"seckillStartTime":1784692800000,"seckillEndTime":1784865599999,"status":"PROGRESSING"},{"weekDay":5,"seckillStartTime":1784865600000,"seckillEndTime":1785124799999,"status":"NOT_STARTED"},{"weekDay":1,"seckillStartTime":1785124800000,"seckillEndTime":1785297599999,"status":"NOT_STARTED"},{"weekDay":3,"seckillStartTime":1785297600000,"seckillEndTime":1785470399999,"status":"NOT_STARTED"},{"weekDay":5,"seckillStartTime":1785470400000,"seckillEndTime":1784519999999,"status":"NOT_STARTED"}]},{"couponId":"6870872e89fddd2bbdec96bd","name":"V7","amount":75,"xyLevel":"V7","seckillTime":"WEEKLY","periods":[{"weekDay":1,"seckillStartTime":1784520000000,"seckillEndTime":1784692799999,"status":"ENDED"},{"weekDay":3,"seckillStartTime":1784692800000,"seckillEndTime":1784865599999,"status":"PROGRESSING"},{"weekDay":5,"seckillStartTime":1784865600000,"seckillEndTime":1785124799999,"status":"NOT_STARTED"},{"weekDay":1,"seckillStartTime":1785124800000,"seckillEndTime":1785297599999,"status":"NOT_STARTED"},{"weekDay":3,"seckillStartTime":1785297600000,"seckillEndTime":1785470399999,"status":"NOT_STARTED"},{"weekDay":5,"seckillStartTime":1785470400000,"seckillEndTime":1784519999999,"status":"NOT_STARTED"}]}]},"code":200,"errmsg":"OK"}}
============================================================
============================================================
[请求时间] 2026/7/22 16:37:23
[请求路径] https://inf.ds.163.com/v1/web/exp/week-coupon/showing-list-v2
[请求方式] POST
[请求参数] {"query":null,"body":{}}
[请求头] {"Accept":"application/json, text/plain, */*","Content-Type":"application/json;charset=UTF-8","GL-X-XSRF-TOKEN":"31a0b699-7575-4cce-a6e4-9dd1fa2570d3","User-Agent":"Mozilla/5.0 (Windows NT 10.0; Win64; x64) AppleWebKit/537.36 (KHTML, like Gecko) Chrome/122.0.0.0 Safari/537.36","Origin":"https://pay.ds.163.com","Referer":"https://pay.ds.163.com/","GL-ClientType":"60","GL-DeviceId":"464b0715-8c88-453c-8bdb-01cdffe2feb9","GL-Uid":"e0dda217f7dd4e2b81935a3f42a18b63","GL-CheckSum":"b29d16d4b7797618002d9dd93ab33df57e17e671","Content-Length":"2","Accept-Encoding":"gzip, compress, deflate, br"}
[响应结果] {"httpStatus":200,"data":{"result":{"coupons":[{"couponId":"687076e69f3efd24cb2bed9c","name":"V1","amount":1,"xyLevel":"V1","seckillTime":"WEEKLY","periods":[{"weekDay":1,"seckillStartTime":1784520000000,"seckillEndTime":1784692799999,"status":"ENDED"},{"weekDay":3,"seckillStartTime":1784692800000,"seckillEndTime":1784865599999,"status":"PROGRESSING","acquiredStatus":"ACQUIRED","stockId":"687076e69f3efd24cb2bed9c_WEEKLY_1784692800000"},{"weekDay":5,"seckillStartTime":1784865600000,"seckillEndTime":1785124799999,"status":"NOT_STARTED"},{"weekDay":1,"seckillStartTime":1785124800000,"seckillEndTime":1785297599999,"status":"NOT_STARTED"},{"weekDay":3,"seckillStartTime":1785297600000,"seckillEndTime":1785470399999,"status":"NOT_STARTED"},{"weekDay":5,"seckillStartTime":1785470400000,"seckillEndTime":1784519999999,"status":"NOT_STARTED"}]},{"couponId":"68708657f56f912f57e063bf","name":"V2","amount":2,"xyLevel":"V2","seckillTime":"WEEKLY","periods":[{"weekDay":1,"seckillStartTime":1784520000000,"seckillEndTime":1784692799999,"status":"ENDED"},{"weekDay":3,"seckillStartTime":1784692800000,"seckillEndTime":1784865599999,"status":"PROGRESSING"},{"weekDay":5,"seckillStartTime":1784865600000,"seckillEndTime":1785124799999,"status":"NOT_STARTED"},{"weekDay":1,"seckillStartTime":1785124800000,"seckillEndTime":1785297599999,"status":"NOT_STARTED"},{"weekDay":3,"seckillStartTime":1785297600000,"seckillEndTime":1785470399999,"status":"NOT_STARTED"},{"weekDay":5,"seckillStartTime":1785470400000,"seckillEndTime":1784519999999,"status":"NOT_STARTED"}]},{"couponId":"6870867989fddd2bbdec96bc","name":"V3","amount":3,"xyLevel":"V3","seckillTime":"WEEKLY","periods":[{"weekDay":1,"seckillStartTime":1784520000000,"seckillEndTime":1784692799999,"status":"ENDED"},{"weekDay":3,"seckillStartTime":1784692800000,"seckillEndTime":1784865599999,"status":"PROGRESSING"},{"weekDay":5,"seckillStartTime":1784865600000,"seckillEndTime":1785124799999,"status":"NOT_STARTED"},{"weekDay":1,"seckillStartTime":1785124800000,"seckillEndTime":1785297599999,"status":"NOT_STARTED"},{"weekDay":3,"seckillStartTime":1785297600000,"seckillEndTime":1785470399999,"status":"NOT_STARTED"},{"weekDay":5,"seckillStartTime":1785470400000,"seckillEndTime":1784519999999,"status":"NOT_STARTED"}]},{"couponId":"6870869cf56f912f57e063c0","name":"V4","amount":8,"xyLevel":"V4","seckillTime":"WEEKLY","periods":[{"weekDay":1,"seckillStartTime":1784520000000,"seckillEndTime":1784692799999,"status":"ENDED"},{"weekDay":3,"seckillStartTime":1784692800000,"seckillEndTime":1784865599999,"status":"PROGRESSING"},{"weekDay":5,"seckillStartTime":1784865600000,"seckillEndTime":1785124799999,"status":"NOT_STARTED"},{"weekDay":1,"seckillStartTime":1785124800000,"seckillEndTime":1785297599999,"status":"NOT_STARTED"},{"weekDay":3,"seckillStartTime":1785297600000,"seckillEndTime":1785470399999,"status":"NOT_STARTED"},{"weekDay":5,"seckillStartTime":1785470400000,"seckillEndTime":1784519999999,"status":"NOT_STARTED"}]},{"couponId":"687086e33d0d02335c1804f4","name":"V5","amount":18,"xyLevel":"V5","seckillTime":"WEEKLY","periods":[{"weekDay":1,"seckillStartTime":1784520000000,"seckillEndTime":1784692799999,"status":"ENDED"},{"weekDay":3,"seckillStartTime":1784692800000,"seckillEndTime":1784865599999,"status":"PROGRESSING"},{"weekDay":5,"seckillStartTime":1784865600000,"seckillEndTime":1785124799999,"status":"NOT_STARTED"},{"weekDay":1,"seckillStartTime":1785124800000,"seckillEndTime":1785297599999,"status":"NOT_STARTED"},{"weekDay":3,"seckillStartTime":1785297600000,"seckillEndTime":1785470399999,"status":"NOT_STARTED"},{"weekDay":5,"seckillStartTime":1785470400000,"seckillEndTime":1784519999999,"status":"NOT_STARTED"}]},{"couponId":"68708705f56f912f57e063c3","name":"V6","amount":30,"xyLevel":"V6","seckillTime":"WEEKLY","periods":[{"weekDay":1,"seckillStartTime":1784520000000,"seckillEndTime":1784692799999,"status":"ENDED"},{"weekDay":3,"seckillStartTime":1784692800000,"seckillEndTime":1784865599999,"status":"PROGRESSING"},{"weekDay":5,"seckillStartTime":1784865600000,"seckillEndTime":1785124799999,"status":"NOT_STARTED"},{"weekDay":1,"seckillStartTime":1785124800000,"seckillEndTime":1785297599999,"status":"NOT_STARTED"},{"weekDay":3,"seckillStartTime":1785297600000,"seckillEndTime":1785470399999,"status":"NOT_STARTED"},{"weekDay":5,"seckillStartTime":1785470400000,"seckillEndTime":1784519999999,"status":"NOT_STARTED"}]},{"couponId":"6870872e89fddd2bbdec96bd","name":"V7","amount":75,"xyLevel":"V7","seckillTime":"WEEKLY","periods":[{"weekDay":1,"seckillStartTime":1784520000000,"seckillEndTime":1784692799999,"status":"ENDED"},{"weekDay":3,"seckillStartTime":1784692800000,"seckillEndTime":1784865599999,"status":"PROGRESSING"},{"weekDay":5,"seckillStartTime":1784865600000,"seckillEndTime":1785124799999,"status":"NOT_STARTED"},{"weekDay":1,"seckillStartTime":1785124800000,"seckillEndTime":1785297599999,"status":"NOT_STARTED"},{"weekDay":3,"seckillStartTime":1785297600000,"seckillEndTime":1785470399999,"status":"NOT_STARTED"},{"weekDay":5,"seckillStartTime":1785470400000,"seckillEndTime":1784519999999,"status":"NOT_STARTED"}]}]},"code":200,"errmsg":"OK"}}
============================================================
============================================================
[请求时间] 2026/7/22 16:37:23
[请求路径] https://pay-api.ds.163.com/v1/web/init/server/time
[请求方式] GET
[请求参数] {"query":null,"body":null}
[请求头] {"Accept":"application/json, text/plain, */*","Content-Type":"application/json;charset=UTF-8","GL-X-XSRF-TOKEN":"31a0b699-7575-4cce-a6e4-9dd1fa2570d3","User-Agent":"Mozilla/5.0 (Windows NT 10.0; Win64; x64) AppleWebKit/537.36 (KHTML, like Gecko) Chrome/122.0.0.0 Safari/537.36","Origin":"https://pay.ds.163.com","Referer":"https://pay.ds.163.com/","GL-ClientType":"60","GL-DeviceId":"464b0715-8c88-453c-8bdb-01cdffe2feb9","GL-Uid":"e0dda217f7dd4e2b81935a3f42a18b63","Accept-Encoding":"gzip, compress, deflate, br"}
[响应结果] {"httpStatus":404,"data":"<!DOCTYPE HTML PUBLIC \"-//W3C//DTD HTML 3.2 Final//EN\">\n<title>404 Not Found</title>\n<h1>Not Found</h1>\n<p>The requested URL was not found on the server. If you entered the URL manually please check your spelling and try again.</p>\n"}
============================================================
============================================================
[请求时间] 2026/7/22 16:37:23
[请求路径] https://pay-api.ds.163.com/api/nlogin
[请求方式] GET
[请求参数] {"query":{},"body":null}
[请求头] {"Accept":"application/json, text/plain, */*","Content-Type":"application/json;charset=UTF-8","GL-X-XSRF-TOKEN":"31a0b699-7575-4cce-a6e4-9dd1fa2570d3","User-Agent":"Mozilla/5.0 (Windows NT 10.0; Win64; x64) AppleWebKit/537.36 (KHTML, like Gecko) Chrome/122.0.0.0 Safari/537.36","Origin":"https://pay.ds.163.com","Referer":"https://pay.ds.163.com/","GL-ClientType":"60","GL-DeviceId":"464b0715-8c88-453c-8bdb-01cdffe2feb9","GL-Uid":"e0dda217f7dd4e2b81935a3f42a18b63","Accept-Encoding":"gzip, compress, deflate, br"}
[响应结果] {"httpStatus":200,"data":{"code":413,"msg":"登录失败"}}
============================================================
============================================================
[请求时间] 2026/7/22 16:37:23
[请求路径] https://inf.ds.163.com/v1/web/exp/week-coupon/acquire
[请求方式] POST
[请求参数] {"query":null,"body":{"couponId":"687076e69f3efd24cb2bed9c","stockId":"687076e69f3efd24cb2bed9c_WEEKLY_1784692800000"}}
[请求头] {"Accept":"application/json, text/plain, */*","Content-Type":"application/json;charset=UTF-8","GL-X-XSRF-TOKEN":"31a0b699-7575-4cce-a6e4-9dd1fa2570d3","User-Agent":"Mozilla/5.0 (Windows NT 10.0; Win64; x64) AppleWebKit/537.36 (KHTML, like Gecko) Chrome/122.0.0.0 Safari/537.36","Origin":"https://pay.ds.163.com","Referer":"https://pay.ds.163.com/","GL-ClientType":"60","GL-DeviceId":"464b0715-8c88-453c-8bdb-01cdffe2feb9","GL-Uid":"e0dda217f7dd4e2b81935a3f42a18b63","GL-CheckSum":"ba1b899237d2005d1ce7d72dd193027a933257fc","Content-Length":"97","Accept-Encoding":"gzip, compress, deflate, br"}
[响应结果] {"httpStatus":200,"data":{"code":809,"errmsg":"您已经领取过本轮福利金"}}
============================================================
