============================================================
[抢购等级] V6
[开火偏移] 延后 2ms（相对开抢 +2ms）
[目标开抢] 2026/8/17 11:10:00.000
[实际开火] 2026/8/17 11:10:00.002
[请求时间] 2026/8/17 11:10:00.026
[响应时间] 2026/8/17 11:10:00.260
[耗时] 234ms
[请求路径] https://inf.ds.163.com/v1/web/exp/week-coupon/acquire
[请求方式] POST
[请求参数] {"query":null,"body":{"couponId":"68708705f56f912f57e063c3","stockId":"68708705f56f912f57e063c3_WEEKLY_1786939200000"}}
[请求头] {"Accept":"application/json, text/plain, */*","Content-Type":"application/json;charset=UTF-8","GL-X-XSRF-TOKEN":"81afd39c-cada-4ab8-9526-ffdf56bcbd23","User-Agent":"Mozilla/5.0 (Windows NT 10.0; Win64; x64) AppleWebKit/537.36 (KHTML, like Gecko) Chrome/122.0.0.0 Safari/537.36","Origin":"https://pay.ds.163.com","Referer":"https://pay.ds.163.com/","GL-ClientType":"60","GL-DeviceId":"133d4c9c-850f-4b20-bf0d-ec6d09d00e47","GL-Uid":"e629b38cbf8649fbb705bd5c0821d5cd","GL-CheckSum":"9f7e7caa15f72614d8ca5bc7f15fe888b61a7426","Content-Length":"97","Accept-Encoding":"gzip, compress, deflate, br"}
[响应结果] {"httpStatus":200,"data":{"code":803,"errmsg":"库存已失效"}}
============================================================
============================================================
[抢购等级] V6
[请求时间] 2026/8/17 11:10:01.427
[响应时间] 2026/8/17 11:10:01.593
[耗时] 166ms
[请求路径] https://inf.ds.163.com/v1/web/exp/week-coupon/acquire
[请求方式] POST
[请求参数] {"query":null,"body":{"couponId":"68708705f56f912f57e063c3","stockId":"68708705f56f912f57e063c3_WEEKLY_1786939200000"}}
[请求头] {"Accept":"application/json, text/plain, */*","Content-Type":"application/json;charset=UTF-8","GL-X-XSRF-TOKEN":"81afd39c-cada-4ab8-9526-ffdf56bcbd23","User-Agent":"Mozilla/5.0 (Windows NT 10.0; Win64; x64) AppleWebKit/537.36 (KHTML, like Gecko) Chrome/122.0.0.0 Safari/537.36","Origin":"https://pay.ds.163.com","Referer":"https://pay.ds.163.com/","GL-ClientType":"60","GL-DeviceId":"133d4c9c-850f-4b20-bf0d-ec6d09d00e47","GL-Uid":"e629b38cbf8649fbb705bd5c0821d5cd","GL-CheckSum":"9f7e7caa15f72614d8ca5bc7f15fe888b61a7426","Content-Length":"97","Accept-Encoding":"gzip, compress, deflate, br"}
[响应结果] {"httpStatus":200,"data":{"code":803,"errmsg":"库存已失效"}}
============================================================
============================================================
[抢购等级] V6
[请求时间] 2026/8/17 11:10:02.709
[响应时间] 2026/8/17 11:10:02.846
[耗时] 137ms
[请求路径] https://inf.ds.163.com/v1/web/exp/week-coupon/acquire
[请求方式] POST
[请求参数] {"query":null,"body":{"couponId":"68708705f56f912f57e063c3","stockId":"68708705f56f912f57e063c3_WEEKLY_1786939200000"}}
[请求头] {"Accept":"application/json, text/plain, */*","Content-Type":"application/json;charset=UTF-8","GL-X-XSRF-TOKEN":"81afd39c-cada-4ab8-9526-ffdf56bcbd23","User-Agent":"Mozilla/5.0 (Windows NT 10.0; Win64; x64) AppleWebKit/537.36 (KHTML, like Gecko) Chrome/122.0.0.0 Safari/537.36","Origin":"https://pay.ds.163.com","Referer":"https://pay.ds.163.com/","GL-ClientType":"60","GL-DeviceId":"133d4c9c-850f-4b20-bf0d-ec6d09d00e47","GL-Uid":"e629b38cbf8649fbb705bd5c0821d5cd","GL-CheckSum":"9f7e7caa15f72614d8ca5bc7f15fe888b61a7426","Content-Length":"97","Accept-Encoding":"gzip, compress, deflate, br"}
[响应结果] {"httpStatus":200,"data":{"code":803,"errmsg":"库存已失效"}}
============================================================
============================================================
[抢购等级] V6
[请求时间] 2026/8/17 11:10:03.960
[响应时间] 2026/8/17 11:10:04.109
[耗时] 149ms
[请求路径] https://inf.ds.163.com/v1/web/exp/week-coupon/acquire
[请求方式] POST
[请求参数] {"query":null,"body":{"couponId":"68708705f56f912f57e063c3","stockId":"68708705f56f912f57e063c3_WEEKLY_1786939200000"}}
[请求头] {"Accept":"application/json, text/plain, */*","Content-Type":"application/json;charset=UTF-8","GL-X-XSRF-TOKEN":"81afd39c-cada-4ab8-9526-ffdf56bcbd23","User-Agent":"Mozilla/5.0 (Windows NT 10.0; Win64; x64) AppleWebKit/537.36 (KHTML, like Gecko) Chrome/122.0.0.0 Safari/537.36","Origin":"https://pay.ds.163.com","Referer":"https://pay.ds.163.com/","GL-ClientType":"60","GL-DeviceId":"133d4c9c-850f-4b20-bf0d-ec6d09d00e47","GL-Uid":"e629b38cbf8649fbb705bd5c0821d5cd","GL-CheckSum":"9f7e7caa15f72614d8ca5bc7f15fe888b61a7426","Content-Length":"97","Accept-Encoding":"gzip, compress, deflate, br"}
[响应结果] {"httpStatus":200,"data":{"code":803,"errmsg":"库存已失效"}}
============================================================
============================================================
[抢购等级] V6
[开火偏移] 延后 7ms（相对开抢 +7ms）
[目标开抢] 2026/8/17 11:18:00.000
[实际开火] 2026/8/17 11:18:00.007
[请求时间] 2026/8/17 11:18:00.037
[响应时间] 2026/8/17 11:18:00.181
[耗时] 144ms
[请求路径] https://inf.ds.163.com/v1/web/exp/week-coupon/acquire
[请求方式] POST
[请求参数] {"query":null,"body":{"couponId":"68708705f56f912f57e063c3","stockId":"68708705f56f912f57e063c3_WEEKLY_1786939200000"}}
[请求头] {"Accept":"application/json, text/plain, */*","Content-Type":"application/json;charset=UTF-8","GL-X-XSRF-TOKEN":"81afd39c-cada-4ab8-9526-ffdf56bcbd23","User-Agent":"Mozilla/5.0 (Windows NT 10.0; Win64; x64) AppleWebKit/537.36 (KHTML, like Gecko) Chrome/122.0.0.0 Safari/537.36","Origin":"https://pay.ds.163.com","Referer":"https://pay.ds.163.com/","GL-ClientType":"60","GL-DeviceId":"133d4c9c-850f-4b20-bf0d-ec6d09d00e47","GL-Uid":"e629b38cbf8649fbb705bd5c0821d5cd","GL-CheckSum":"9f7e7caa15f72614d8ca5bc7f15fe888b61a7426","Content-Length":"97","Accept-Encoding":"gzip, compress, deflate, br"}
[响应结果] {"httpStatus":200,"data":{"code":803,"errmsg":"库存已失效"}}
============================================================
============================================================
[抢购等级] V6
[请求时间] 2026/8/17 11:18:01.305
[响应时间] 2026/8/17 11:18:01.500
[耗时] 195ms
[请求路径] https://inf.ds.163.com/v1/web/exp/week-coupon/acquire
[请求方式] POST
[请求参数] {"query":null,"body":{"couponId":"68708705f56f912f57e063c3","stockId":"68708705f56f912f57e063c3_WEEKLY_1786939200000"}}
[请求头] {"Accept":"application/json, text/plain, */*","Content-Type":"application/json;charset=UTF-8","GL-X-XSRF-TOKEN":"81afd39c-cada-4ab8-9526-ffdf56bcbd23","User-Agent":"Mozilla/5.0 (Windows NT 10.0; Win64; x64) AppleWebKit/537.36 (KHTML, like Gecko) Chrome/122.0.0.0 Safari/537.36","Origin":"https://pay.ds.163.com","Referer":"https://pay.ds.163.com/","GL-ClientType":"60","GL-DeviceId":"133d4c9c-850f-4b20-bf0d-ec6d09d00e47","GL-Uid":"e629b38cbf8649fbb705bd5c0821d5cd","GL-CheckSum":"9f7e7caa15f72614d8ca5bc7f15fe888b61a7426","Content-Length":"97","Accept-Encoding":"gzip, compress, deflate, br"}
[响应结果] {"httpStatus":200,"data":{"code":803,"errmsg":"库存已失效"}}
============================================================
============================================================
[抢购等级] V6
[请求时间] 2026/8/17 11:18:02.586
[响应时间] 2026/8/17 11:18:02.671
[耗时] 85ms
[请求路径] https://inf.ds.163.com/v1/web/exp/week-coupon/acquire
[请求方式] POST
[请求参数] {"query":null,"body":{"couponId":"68708705f56f912f57e063c3","stockId":"68708705f56f912f57e063c3_WEEKLY_1786939200000"}}
[请求头] {"Accept":"application/json, text/plain, */*","Content-Type":"application/json;charset=UTF-8","GL-X-XSRF-TOKEN":"81afd39c-cada-4ab8-9526-ffdf56bcbd23","User-Agent":"Mozilla/5.0 (Windows NT 10.0; Win64; x64) AppleWebKit/537.36 (KHTML, like Gecko) Chrome/122.0.0.0 Safari/537.36","Origin":"https://pay.ds.163.com","Referer":"https://pay.ds.163.com/","GL-ClientType":"60","GL-DeviceId":"133d4c9c-850f-4b20-bf0d-ec6d09d00e47","GL-Uid":"e629b38cbf8649fbb705bd5c0821d5cd","GL-CheckSum":"9f7e7caa15f72614d8ca5bc7f15fe888b61a7426","Content-Length":"97","Accept-Encoding":"gzip, compress, deflate, br"}
[响应结果] {"httpStatus":200,"data":{"code":803,"errmsg":"库存已失效"}}
============================================================
============================================================
[抢购等级] V6
[开火偏移] 延后 5ms（相对开抢 +5ms）
[目标开抢] 2026/8/17 12:00:00.000
[实际开火] 2026/8/17 12:00:00.005
[请求时间] 2026/8/17 12:00:02.489
[响应时间] 2026/8/17 12:00:03.975
[耗时] 1486ms
[请求路径] https://inf.ds.163.com/v1/web/exp/week-coupon/acquire
[请求方式] POST
[请求参数] {"query":null,"body":{"couponId":"68708705f56f912f57e063c3","stockId":"68708705f56f912f57e063c3_WEEKLY_1786939200000"}}
[请求头] {"Accept":"application/json, text/plain, */*","Content-Type":"application/json;charset=UTF-8","GL-X-XSRF-TOKEN":"81afd39c-cada-4ab8-9526-ffdf56bcbd23","User-Agent":"Mozilla/5.0 (Windows NT 10.0; Win64; x64) AppleWebKit/537.36 (KHTML, like Gecko) Chrome/122.0.0.0 Safari/537.36","Origin":"https://pay.ds.163.com","Referer":"https://pay.ds.163.com/","GL-ClientType":"60","GL-DeviceId":"133d4c9c-850f-4b20-bf0d-ec6d09d00e47","GL-Uid":"e629b38cbf8649fbb705bd5c0821d5cd","GL-CheckSum":"9f7e7caa15f72614d8ca5bc7f15fe888b61a7426","Content-Length":"97","Accept-Encoding":"gzip, compress, deflate, br"}
[响应结果] {"httpStatus":200,"data":{"code":40008,"errmsg":"当前库存已不足，敬请参与下期活动噢"}}
============================================================
============================================================
[抢购等级] V6
[请求时间] 2026/8/17 12:00:04.979
[响应时间] 2026/8/17 12:00:05.681
[耗时] 702ms
[请求路径] https://inf.ds.163.com/v1/web/exp/week-coupon/acquire
[请求方式] POST
[请求参数] {"query":null,"body":{"couponId":"68708705f56f912f57e063c3","stockId":"68708705f56f912f57e063c3_WEEKLY_1786939200000"}}
[请求头] {"Accept":"application/json, text/plain, */*","Content-Type":"application/json;charset=UTF-8","GL-X-XSRF-TOKEN":"81afd39c-cada-4ab8-9526-ffdf56bcbd23","User-Agent":"Mozilla/5.0 (Windows NT 10.0; Win64; x64) AppleWebKit/537.36 (KHTML, like Gecko) Chrome/122.0.0.0 Safari/537.36","Origin":"https://pay.ds.163.com","Referer":"https://pay.ds.163.com/","GL-ClientType":"60","GL-DeviceId":"133d4c9c-850f-4b20-bf0d-ec6d09d00e47","GL-Uid":"e629b38cbf8649fbb705bd5c0821d5cd","GL-CheckSum":"9f7e7caa15f72614d8ca5bc7f15fe888b61a7426","Content-Length":"97","Accept-Encoding":"gzip, compress, deflate, br"}
[响应结果] {"httpStatus":200,"data":{"code":40009,"errmsg":"活动太火爆了，请稍后再试"}}
============================================================
============================================================
[抢购等级] V6
[请求时间] 2026/8/17 12:00:06.688
[响应时间] 2026/8/17 12:00:06.746
[耗时] 58ms
[请求路径] https://inf.ds.163.com/v1/web/exp/week-coupon/acquire
[请求方式] POST
[请求参数] {"query":null,"body":{"couponId":"68708705f56f912f57e063c3","stockId":"68708705f56f912f57e063c3_WEEKLY_1786939200000"}}
[请求头] {"Accept":"application/json, text/plain, */*","Content-Type":"application/json;charset=UTF-8","GL-X-XSRF-TOKEN":"81afd39c-cada-4ab8-9526-ffdf56bcbd23","User-Agent":"Mozilla/5.0 (Windows NT 10.0; Win64; x64) AppleWebKit/537.36 (KHTML, like Gecko) Chrome/122.0.0.0 Safari/537.36","Origin":"https://pay.ds.163.com","Referer":"https://pay.ds.163.com/","GL-ClientType":"60","GL-DeviceId":"133d4c9c-850f-4b20-bf0d-ec6d09d00e47","GL-Uid":"e629b38cbf8649fbb705bd5c0821d5cd","GL-CheckSum":"9f7e7caa15f72614d8ca5bc7f15fe888b61a7426","Content-Length":"97","Accept-Encoding":"gzip, compress, deflate, br"}
[响应结果] {"httpStatus":200,"data":{"code":40009,"errmsg":"活动太火爆了，请稍后再试"}}
============================================================
============================================================
[抢购等级] V6
[请求时间] 2026/8/17 12:00:07.752
[响应时间] 2026/8/17 12:00:07.818
[耗时] 66ms
[请求路径] https://inf.ds.163.com/v1/web/exp/week-coupon/acquire
[请求方式] POST
[请求参数] {"query":null,"body":{"couponId":"68708705f56f912f57e063c3","stockId":"68708705f56f912f57e063c3_WEEKLY_1786939200000"}}
[请求头] {"Accept":"application/json, text/plain, */*","Content-Type":"application/json;charset=UTF-8","GL-X-XSRF-TOKEN":"81afd39c-cada-4ab8-9526-ffdf56bcbd23","User-Agent":"Mozilla/5.0 (Windows NT 10.0; Win64; x64) AppleWebKit/537.36 (KHTML, like Gecko) Chrome/122.0.0.0 Safari/537.36","Origin":"https://pay.ds.163.com","Referer":"https://pay.ds.163.com/","GL-ClientType":"60","GL-DeviceId":"133d4c9c-850f-4b20-bf0d-ec6d09d00e47","GL-Uid":"e629b38cbf8649fbb705bd5c0821d5cd","GL-CheckSum":"9f7e7caa15f72614d8ca5bc7f15fe888b61a7426","Content-Length":"97","Accept-Encoding":"gzip, compress, deflate, br"}
[响应结果] {"httpStatus":200,"data":{"code":40009,"errmsg":"活动太火爆了，请稍后再试"}}
============================================================
============================================================
[抢购等级] V6
[请求时间] 2026/8/17 12:00:08.833
[响应时间] 2026/8/17 12:00:08.891
[耗时] 58ms
[请求路径] https://inf.ds.163.com/v1/web/exp/week-coupon/acquire
[请求方式] POST
[请求参数] {"query":null,"body":{"couponId":"68708705f56f912f57e063c3","stockId":"68708705f56f912f57e063c3_WEEKLY_1786939200000"}}
[请求头] {"Accept":"application/json, text/plain, */*","Content-Type":"application/json;charset=UTF-8","GL-X-XSRF-TOKEN":"81afd39c-cada-4ab8-9526-ffdf56bcbd23","User-Agent":"Mozilla/5.0 (Windows NT 10.0; Win64; x64) AppleWebKit/537.36 (KHTML, like Gecko) Chrome/122.0.0.0 Safari/537.36","Origin":"https://pay.ds.163.com","Referer":"https://pay.ds.163.com/","GL-ClientType":"60","GL-DeviceId":"133d4c9c-850f-4b20-bf0d-ec6d09d00e47","GL-Uid":"e629b38cbf8649fbb705bd5c0821d5cd","GL-CheckSum":"9f7e7caa15f72614d8ca5bc7f15fe888b61a7426","Content-Length":"97","Accept-Encoding":"gzip, compress, deflate, br"}
[响应结果] {"httpStatus":200,"data":{"code":40009,"errmsg":"活动太火爆了，请稍后再试"}}
============================================================
