============================================================
[抢购等级] V5
[开火偏移] 延后 5ms（相对开抢 +5ms）
[目标开抢] 2026/8/17 11:10:00.000
[实际开火] 2026/8/17 11:10:00.005
[请求时间] 2026/8/17 11:10:00.033
[响应时间] 2026/8/17 11:10:00.261
[耗时] 228ms
[请求路径] https://inf.ds.163.com/v1/web/exp/week-coupon/acquire
[请求方式] POST
[请求参数] {"query":null,"body":{"couponId":"687086e33d0d02335c1804f4","stockId":"687086e33d0d02335c1804f4_WEEKLY_1786939200000"}}
[请求头] {"Accept":"application/json, text/plain, */*","Content-Type":"application/json;charset=UTF-8","GL-X-XSRF-TOKEN":"c550b5f5-7c98-4ade-a7d6-c70b53449af5","User-Agent":"Mozilla/5.0 (Windows NT 10.0; Win64; x64) AppleWebKit/537.36 (KHTML, like Gecko) Chrome/122.0.0.0 Safari/537.36","Origin":"https://pay.ds.163.com","Referer":"https://pay.ds.163.com/","GL-ClientType":"60","GL-DeviceId":"782233c9-f002-427e-8d57-6384343d41fc","GL-Uid":"f5bd6c5c328b4a8bbc9a18b6e6fb26fe","GL-CheckSum":"04ea1942a49def489330241c75a5d33e872dc8dd","Content-Length":"97","Accept-Encoding":"gzip, compress, deflate, br"}
[响应结果] {"httpStatus":200,"data":{"code":803,"errmsg":"库存已失效"}}
============================================================
============================================================
[抢购等级] V5
[请求时间] 2026/8/17 11:10:01.405
[响应时间] 2026/8/17 11:10:01.572
[耗时] 167ms
[请求路径] https://inf.ds.163.com/v1/web/exp/week-coupon/acquire
[请求方式] POST
[请求参数] {"query":null,"body":{"couponId":"687086e33d0d02335c1804f4","stockId":"687086e33d0d02335c1804f4_WEEKLY_1786939200000"}}
[请求头] {"Accept":"application/json, text/plain, */*","Content-Type":"application/json;charset=UTF-8","GL-X-XSRF-TOKEN":"c550b5f5-7c98-4ade-a7d6-c70b53449af5","User-Agent":"Mozilla/5.0 (Windows NT 10.0; Win64; x64) AppleWebKit/537.36 (KHTML, like Gecko) Chrome/122.0.0.0 Safari/537.36","Origin":"https://pay.ds.163.com","Referer":"https://pay.ds.163.com/","GL-ClientType":"60","GL-DeviceId":"782233c9-f002-427e-8d57-6384343d41fc","GL-Uid":"f5bd6c5c328b4a8bbc9a18b6e6fb26fe","GL-CheckSum":"04ea1942a49def489330241c75a5d33e872dc8dd","Content-Length":"97","Accept-Encoding":"gzip, compress, deflate, br"}
[响应结果] {"httpStatus":200,"data":{"code":803,"errmsg":"库存已失效"}}
============================================================
============================================================
[抢购等级] V5
[请求时间] 2026/8/17 11:10:02.693
[响应时间] 2026/8/17 11:10:02.846
[耗时] 153ms
[请求路径] https://inf.ds.163.com/v1/web/exp/week-coupon/acquire
[请求方式] POST
[请求参数] {"query":null,"body":{"couponId":"687086e33d0d02335c1804f4","stockId":"687086e33d0d02335c1804f4_WEEKLY_1786939200000"}}
[请求头] {"Accept":"application/json, text/plain, */*","Content-Type":"application/json;charset=UTF-8","GL-X-XSRF-TOKEN":"c550b5f5-7c98-4ade-a7d6-c70b53449af5","User-Agent":"Mozilla/5.0 (Windows NT 10.0; Win64; x64) AppleWebKit/537.36 (KHTML, like Gecko) Chrome/122.0.0.0 Safari/537.36","Origin":"https://pay.ds.163.com","Referer":"https://pay.ds.163.com/","GL-ClientType":"60","GL-DeviceId":"782233c9-f002-427e-8d57-6384343d41fc","GL-Uid":"f5bd6c5c328b4a8bbc9a18b6e6fb26fe","GL-CheckSum":"04ea1942a49def489330241c75a5d33e872dc8dd","Content-Length":"97","Accept-Encoding":"gzip, compress, deflate, br"}
[响应结果] {"httpStatus":200,"data":{"code":803,"errmsg":"库存已失效"}}
============================================================
============================================================
[抢购等级] V5
[请求时间] 2026/8/17 11:10:03.971
[响应时间] 2026/8/17 11:10:04.125
[耗时] 154ms
[请求路径] https://inf.ds.163.com/v1/web/exp/week-coupon/acquire
[请求方式] POST
[请求参数] {"query":null,"body":{"couponId":"687086e33d0d02335c1804f4","stockId":"687086e33d0d02335c1804f4_WEEKLY_1786939200000"}}
[请求头] {"Accept":"application/json, text/plain, */*","Content-Type":"application/json;charset=UTF-8","GL-X-XSRF-TOKEN":"c550b5f5-7c98-4ade-a7d6-c70b53449af5","User-Agent":"Mozilla/5.0 (Windows NT 10.0; Win64; x64) AppleWebKit/537.36 (KHTML, like Gecko) Chrome/122.0.0.0 Safari/537.36","Origin":"https://pay.ds.163.com","Referer":"https://pay.ds.163.com/","GL-ClientType":"60","GL-DeviceId":"782233c9-f002-427e-8d57-6384343d41fc","GL-Uid":"f5bd6c5c328b4a8bbc9a18b6e6fb26fe","GL-CheckSum":"04ea1942a49def489330241c75a5d33e872dc8dd","Content-Length":"97","Accept-Encoding":"gzip, compress, deflate, br"}
[响应结果] {"httpStatus":200,"data":{"code":803,"errmsg":"库存已失效"}}
============================================================
============================================================
[抢购等级] V5
[开火偏移] 延后 1ms（相对开抢 +1ms）
[目标开抢] 2026/8/17 11:18:00.000
[实际开火] 2026/8/17 11:18:00.001
[请求时间] 2026/8/17 11:18:00.016
[响应时间] 2026/8/17 11:18:00.204
[耗时] 188ms
[请求路径] https://inf.ds.163.com/v1/web/exp/week-coupon/acquire
[请求方式] POST
[请求参数] {"query":null,"body":{"couponId":"687086e33d0d02335c1804f4","stockId":"687086e33d0d02335c1804f4_WEEKLY_1786939200000"}}
[请求头] {"Accept":"application/json, text/plain, */*","Content-Type":"application/json;charset=UTF-8","GL-X-XSRF-TOKEN":"c550b5f5-7c98-4ade-a7d6-c70b53449af5","User-Agent":"Mozilla/5.0 (Windows NT 10.0; Win64; x64) AppleWebKit/537.36 (KHTML, like Gecko) Chrome/122.0.0.0 Safari/537.36","Origin":"https://pay.ds.163.com","Referer":"https://pay.ds.163.com/","GL-ClientType":"60","GL-DeviceId":"782233c9-f002-427e-8d57-6384343d41fc","GL-Uid":"f5bd6c5c328b4a8bbc9a18b6e6fb26fe","GL-CheckSum":"04ea1942a49def489330241c75a5d33e872dc8dd","Content-Length":"97","Accept-Encoding":"gzip, compress, deflate, br"}
[响应结果] {"httpStatus":200,"data":{"code":803,"errmsg":"库存已失效"}}
============================================================
============================================================
[抢购等级] V5
[请求时间] 2026/8/17 11:18:01.320
[响应时间] 2026/8/17 11:18:01.475
[耗时] 155ms
[请求路径] https://inf.ds.163.com/v1/web/exp/week-coupon/acquire
[请求方式] POST
[请求参数] {"query":null,"body":{"couponId":"687086e33d0d02335c1804f4","stockId":"687086e33d0d02335c1804f4_WEEKLY_1786939200000"}}
[请求头] {"Accept":"application/json, text/plain, */*","Content-Type":"application/json;charset=UTF-8","GL-X-XSRF-TOKEN":"c550b5f5-7c98-4ade-a7d6-c70b53449af5","User-Agent":"Mozilla/5.0 (Windows NT 10.0; Win64; x64) AppleWebKit/537.36 (KHTML, like Gecko) Chrome/122.0.0.0 Safari/537.36","Origin":"https://pay.ds.163.com","Referer":"https://pay.ds.163.com/","GL-ClientType":"60","GL-DeviceId":"782233c9-f002-427e-8d57-6384343d41fc","GL-Uid":"f5bd6c5c328b4a8bbc9a18b6e6fb26fe","GL-CheckSum":"04ea1942a49def489330241c75a5d33e872dc8dd","Content-Length":"97","Accept-Encoding":"gzip, compress, deflate, br"}
[响应结果] {"httpStatus":200,"data":{"code":803,"errmsg":"库存已失效"}}
============================================================
============================================================
[抢购等级] V5
[请求时间] 2026/8/17 11:18:02.568
[响应时间] 2026/8/17 11:18:02.650
[耗时] 82ms
[请求路径] https://inf.ds.163.com/v1/web/exp/week-coupon/acquire
[请求方式] POST
[请求参数] {"query":null,"body":{"couponId":"687086e33d0d02335c1804f4","stockId":"687086e33d0d02335c1804f4_WEEKLY_1786939200000"}}
[请求头] {"Accept":"application/json, text/plain, */*","Content-Type":"application/json;charset=UTF-8","GL-X-XSRF-TOKEN":"c550b5f5-7c98-4ade-a7d6-c70b53449af5","User-Agent":"Mozilla/5.0 (Windows NT 10.0; Win64; x64) AppleWebKit/537.36 (KHTML, like Gecko) Chrome/122.0.0.0 Safari/537.36","Origin":"https://pay.ds.163.com","Referer":"https://pay.ds.163.com/","GL-ClientType":"60","GL-DeviceId":"782233c9-f002-427e-8d57-6384343d41fc","GL-Uid":"f5bd6c5c328b4a8bbc9a18b6e6fb26fe","GL-CheckSum":"04ea1942a49def489330241c75a5d33e872dc8dd","Content-Length":"97","Accept-Encoding":"gzip, compress, deflate, br"}
[响应结果] {"httpStatus":200,"data":{"code":803,"errmsg":"库存已失效"}}
============================================================
============================================================
[抢购等级] V5
[开火偏移] 延后 4ms（相对开抢 +4ms）
[目标开抢] 2026/8/17 12:00:00.000
[实际开火] 2026/8/17 12:00:00.004
[请求时间] 2026/8/17 12:00:02.489
[响应时间] 2026/8/17 12:00:03.768
[耗时] 1279ms
[请求路径] https://inf.ds.163.com/v1/web/exp/week-coupon/acquire
[请求方式] POST
[请求参数] {"query":null,"body":{"couponId":"687086e33d0d02335c1804f4","stockId":"687086e33d0d02335c1804f4_WEEKLY_1786939200000"}}
[请求头] {"Accept":"application/json, text/plain, */*","Content-Type":"application/json;charset=UTF-8","GL-X-XSRF-TOKEN":"c550b5f5-7c98-4ade-a7d6-c70b53449af5","User-Agent":"Mozilla/5.0 (Windows NT 10.0; Win64; x64) AppleWebKit/537.36 (KHTML, like Gecko) Chrome/122.0.0.0 Safari/537.36","Origin":"https://pay.ds.163.com","Referer":"https://pay.ds.163.com/","GL-ClientType":"60","GL-DeviceId":"782233c9-f002-427e-8d57-6384343d41fc","GL-Uid":"f5bd6c5c328b4a8bbc9a18b6e6fb26fe","GL-CheckSum":"04ea1942a49def489330241c75a5d33e872dc8dd","Content-Length":"97","Accept-Encoding":"gzip, compress, deflate, br"}
[响应结果] {"httpStatus":200,"data":{"code":809,"errmsg":"您已经领取过本轮福利金"}}
============================================================
