============================================================
[抢购等级] V5
[开火偏移] 延后 8ms（相对开抢 +8ms）
[目标开抢] 2026/8/17 11:10:00.000
[实际开火] 2026/8/17 11:10:00.008
[请求时间] 2026/8/17 11:10:00.044
[响应时间] 2026/8/17 11:10:00.260
[耗时] 216ms
[请求路径] https://inf.ds.163.com/v1/web/exp/week-coupon/acquire
[请求方式] POST
[请求参数] {"query":null,"body":{"couponId":"687086e33d0d02335c1804f4","stockId":"687086e33d0d02335c1804f4_WEEKLY_1786939200000"}}
[请求头] {"Accept":"application/json, text/plain, */*","Content-Type":"application/json;charset=UTF-8","GL-X-XSRF-TOKEN":"1079b026-c774-43e6-a33c-05e12fadcd6e","User-Agent":"Mozilla/5.0 (Windows NT 10.0; Win64; x64) AppleWebKit/537.36 (KHTML, like Gecko) Chrome/122.0.0.0 Safari/537.36","Origin":"https://pay.ds.163.com","Referer":"https://pay.ds.163.com/","GL-ClientType":"60","GL-DeviceId":"d098426f-23cb-443a-b1cd-6cc42a317bc7","GL-Uid":"e747fde440ca40648852073595ffdfb6","GL-CheckSum":"8ffb653dada476ec36498b783232aba458cd69b4","Content-Length":"97","Accept-Encoding":"gzip, compress, deflate, br"}
[响应结果] {"httpStatus":200,"data":{"code":803,"errmsg":"库存已失效"}}
============================================================
============================================================
[抢购等级] V5
[请求时间] 2026/8/17 11:10:01.426
[响应时间] 2026/8/17 11:10:01.593
[耗时] 167ms
[请求路径] https://inf.ds.163.com/v1/web/exp/week-coupon/acquire
[请求方式] POST
[请求参数] {"query":null,"body":{"couponId":"687086e33d0d02335c1804f4","stockId":"687086e33d0d02335c1804f4_WEEKLY_1786939200000"}}
[请求头] {"Accept":"application/json, text/plain, */*","Content-Type":"application/json;charset=UTF-8","GL-X-XSRF-TOKEN":"1079b026-c774-43e6-a33c-05e12fadcd6e","User-Agent":"Mozilla/5.0 (Windows NT 10.0; Win64; x64) AppleWebKit/537.36 (KHTML, like Gecko) Chrome/122.0.0.0 Safari/537.36","Origin":"https://pay.ds.163.com","Referer":"https://pay.ds.163.com/","GL-ClientType":"60","GL-DeviceId":"d098426f-23cb-443a-b1cd-6cc42a317bc7","GL-Uid":"e747fde440ca40648852073595ffdfb6","GL-CheckSum":"8ffb653dada476ec36498b783232aba458cd69b4","Content-Length":"97","Accept-Encoding":"gzip, compress, deflate, br"}
[响应结果] {"httpStatus":200,"data":{"code":803,"errmsg":"库存已失效"}}
============================================================
============================================================
[抢购等级] V5
[请求时间] 2026/8/17 11:10:02.708
[响应时间] 2026/8/17 11:10:02.846
[耗时] 138ms
[请求路径] https://inf.ds.163.com/v1/web/exp/week-coupon/acquire
[请求方式] POST
[请求参数] {"query":null,"body":{"couponId":"687086e33d0d02335c1804f4","stockId":"687086e33d0d02335c1804f4_WEEKLY_1786939200000"}}
[请求头] {"Accept":"application/json, text/plain, */*","Content-Type":"application/json;charset=UTF-8","GL-X-XSRF-TOKEN":"1079b026-c774-43e6-a33c-05e12fadcd6e","User-Agent":"Mozilla/5.0 (Windows NT 10.0; Win64; x64) AppleWebKit/537.36 (KHTML, like Gecko) Chrome/122.0.0.0 Safari/537.36","Origin":"https://pay.ds.163.com","Referer":"https://pay.ds.163.com/","GL-ClientType":"60","GL-DeviceId":"d098426f-23cb-443a-b1cd-6cc42a317bc7","GL-Uid":"e747fde440ca40648852073595ffdfb6","GL-CheckSum":"8ffb653dada476ec36498b783232aba458cd69b4","Content-Length":"97","Accept-Encoding":"gzip, compress, deflate, br"}
[响应结果] {"httpStatus":200,"data":{"code":803,"errmsg":"库存已失效"}}
============================================================
============================================================
[抢购等级] V5
[请求时间] 2026/8/17 11:10:03.960
[响应时间] 2026/8/17 11:10:04.109
[耗时] 149ms
[请求路径] https://inf.ds.163.com/v1/web/exp/week-coupon/acquire
[请求方式] POST
[请求参数] {"query":null,"body":{"couponId":"687086e33d0d02335c1804f4","stockId":"687086e33d0d02335c1804f4_WEEKLY_1786939200000"}}
[请求头] {"Accept":"application/json, text/plain, */*","Content-Type":"application/json;charset=UTF-8","GL-X-XSRF-TOKEN":"1079b026-c774-43e6-a33c-05e12fadcd6e","User-Agent":"Mozilla/5.0 (Windows NT 10.0; Win64; x64) AppleWebKit/537.36 (KHTML, like Gecko) Chrome/122.0.0.0 Safari/537.36","Origin":"https://pay.ds.163.com","Referer":"https://pay.ds.163.com/","GL-ClientType":"60","GL-DeviceId":"d098426f-23cb-443a-b1cd-6cc42a317bc7","GL-Uid":"e747fde440ca40648852073595ffdfb6","GL-CheckSum":"8ffb653dada476ec36498b783232aba458cd69b4","Content-Length":"97","Accept-Encoding":"gzip, compress, deflate, br"}
[响应结果] {"httpStatus":200,"data":{"code":803,"errmsg":"库存已失效"}}
============================================================
============================================================
[抢购等级] V5
[开火偏移] 延后 7ms（相对开抢 +7ms）
[目标开抢] 2026/8/17 11:18:00.000
[实际开火] 2026/8/17 11:18:00.007
[请求时间] 2026/8/17 11:18:00.031
[响应时间] 2026/8/17 11:18:00.204
[耗时] 173ms
[请求路径] https://inf.ds.163.com/v1/web/exp/week-coupon/acquire
[请求方式] POST
[请求参数] {"query":null,"body":{"couponId":"687086e33d0d02335c1804f4","stockId":"687086e33d0d02335c1804f4_WEEKLY_1786939200000"}}
[请求头] {"Accept":"application/json, text/plain, */*","Content-Type":"application/json;charset=UTF-8","GL-X-XSRF-TOKEN":"1079b026-c774-43e6-a33c-05e12fadcd6e","User-Agent":"Mozilla/5.0 (Windows NT 10.0; Win64; x64) AppleWebKit/537.36 (KHTML, like Gecko) Chrome/122.0.0.0 Safari/537.36","Origin":"https://pay.ds.163.com","Referer":"https://pay.ds.163.com/","GL-ClientType":"60","GL-DeviceId":"d098426f-23cb-443a-b1cd-6cc42a317bc7","GL-Uid":"e747fde440ca40648852073595ffdfb6","GL-CheckSum":"8ffb653dada476ec36498b783232aba458cd69b4","Content-Length":"97","Accept-Encoding":"gzip, compress, deflate, br"}
[响应结果] {"httpStatus":200,"data":{"code":803,"errmsg":"库存已失效"}}
============================================================
============================================================
[抢购等级] V5
[请求时间] 2026/8/17 11:18:01.309
[响应时间] 2026/8/17 11:18:01.461
[耗时] 152ms
[请求路径] https://inf.ds.163.com/v1/web/exp/week-coupon/acquire
[请求方式] POST
[请求参数] {"query":null,"body":{"couponId":"687086e33d0d02335c1804f4","stockId":"687086e33d0d02335c1804f4_WEEKLY_1786939200000"}}
[请求头] {"Accept":"application/json, text/plain, */*","Content-Type":"application/json;charset=UTF-8","GL-X-XSRF-TOKEN":"1079b026-c774-43e6-a33c-05e12fadcd6e","User-Agent":"Mozilla/5.0 (Windows NT 10.0; Win64; x64) AppleWebKit/537.36 (KHTML, like Gecko) Chrome/122.0.0.0 Safari/537.36","Origin":"https://pay.ds.163.com","Referer":"https://pay.ds.163.com/","GL-ClientType":"60","GL-DeviceId":"d098426f-23cb-443a-b1cd-6cc42a317bc7","GL-Uid":"e747fde440ca40648852073595ffdfb6","GL-CheckSum":"8ffb653dada476ec36498b783232aba458cd69b4","Content-Length":"97","Accept-Encoding":"gzip, compress, deflate, br"}
[响应结果] {"httpStatus":200,"data":{"code":803,"errmsg":"库存已失效"}}
============================================================
============================================================
[抢购等级] V5
[请求时间] 2026/8/17 11:18:02.556
[响应时间] 2026/8/17 11:18:02.633
[耗时] 77ms
[请求路径] https://inf.ds.163.com/v1/web/exp/week-coupon/acquire
[请求方式] POST
[请求参数] {"query":null,"body":{"couponId":"687086e33d0d02335c1804f4","stockId":"687086e33d0d02335c1804f4_WEEKLY_1786939200000"}}
[请求头] {"Accept":"application/json, text/plain, */*","Content-Type":"application/json;charset=UTF-8","GL-X-XSRF-TOKEN":"1079b026-c774-43e6-a33c-05e12fadcd6e","User-Agent":"Mozilla/5.0 (Windows NT 10.0; Win64; x64) AppleWebKit/537.36 (KHTML, like Gecko) Chrome/122.0.0.0 Safari/537.36","Origin":"https://pay.ds.163.com","Referer":"https://pay.ds.163.com/","GL-ClientType":"60","GL-DeviceId":"d098426f-23cb-443a-b1cd-6cc42a317bc7","GL-Uid":"e747fde440ca40648852073595ffdfb6","GL-CheckSum":"8ffb653dada476ec36498b783232aba458cd69b4","Content-Length":"97","Accept-Encoding":"gzip, compress, deflate, br"}
[响应结果] {"httpStatus":200,"data":{"code":803,"errmsg":"库存已失效"}}
============================================================
============================================================
[抢购等级] V5
[请求时间] 2026/8/17 11:18:03.720
[响应时间] 2026/8/17 11:18:03.781
[耗时] 61ms
[请求路径] https://inf.ds.163.com/v1/web/exp/week-coupon/acquire
[请求方式] POST
[请求参数] {"query":null,"body":{"couponId":"687086e33d0d02335c1804f4","stockId":"687086e33d0d02335c1804f4_WEEKLY_1786939200000"}}
[请求头] {"Accept":"application/json, text/plain, */*","Content-Type":"application/json;charset=UTF-8","GL-X-XSRF-TOKEN":"1079b026-c774-43e6-a33c-05e12fadcd6e","User-Agent":"Mozilla/5.0 (Windows NT 10.0; Win64; x64) AppleWebKit/537.36 (KHTML, like Gecko) Chrome/122.0.0.0 Safari/537.36","Origin":"https://pay.ds.163.com","Referer":"https://pay.ds.163.com/","GL-ClientType":"60","GL-DeviceId":"d098426f-23cb-443a-b1cd-6cc42a317bc7","GL-Uid":"e747fde440ca40648852073595ffdfb6","GL-CheckSum":"8ffb653dada476ec36498b783232aba458cd69b4","Content-Length":"97","Accept-Encoding":"gzip, compress, deflate, br"}
[响应结果] {"httpStatus":200,"data":{"code":803,"errmsg":"库存已失效"}}
============================================================
============================================================
[抢购等级] V5
[请求时间] 2026/8/17 11:18:04.849
[响应时间] 2026/8/17 11:18:04.902
[耗时] 53ms
[请求路径] https://inf.ds.163.com/v1/web/exp/week-coupon/acquire
[请求方式] POST
[请求参数] {"query":null,"body":{"couponId":"687086e33d0d02335c1804f4","stockId":"687086e33d0d02335c1804f4_WEEKLY_1786939200000"}}
[请求头] {"Accept":"application/json, text/plain, */*","Content-Type":"application/json;charset=UTF-8","GL-X-XSRF-TOKEN":"1079b026-c774-43e6-a33c-05e12fadcd6e","User-Agent":"Mozilla/5.0 (Windows NT 10.0; Win64; x64) AppleWebKit/537.36 (KHTML, like Gecko) Chrome/122.0.0.0 Safari/537.36","Origin":"https://pay.ds.163.com","Referer":"https://pay.ds.163.com/","GL-ClientType":"60","GL-DeviceId":"d098426f-23cb-443a-b1cd-6cc42a317bc7","GL-Uid":"e747fde440ca40648852073595ffdfb6","GL-CheckSum":"8ffb653dada476ec36498b783232aba458cd69b4","Content-Length":"97","Accept-Encoding":"gzip, compress, deflate, br"}
[响应结果] {"httpStatus":200,"data":{"code":803,"errmsg":"库存已失效"}}
============================================================
============================================================
[抢购等级] V5
[请求时间] 2026/8/17 11:18:05.967
[响应时间] 2026/8/17 11:18:06.032
[耗时] 65ms
[请求路径] https://inf.ds.163.com/v1/web/exp/week-coupon/acquire
[请求方式] POST
[请求参数] {"query":null,"body":{"couponId":"687086e33d0d02335c1804f4","stockId":"687086e33d0d02335c1804f4_WEEKLY_1786939200000"}}
[请求头] {"Accept":"application/json, text/plain, */*","Content-Type":"application/json;charset=UTF-8","GL-X-XSRF-TOKEN":"1079b026-c774-43e6-a33c-05e12fadcd6e","User-Agent":"Mozilla/5.0 (Windows NT 10.0; Win64; x64) AppleWebKit/537.36 (KHTML, like Gecko) Chrome/122.0.0.0 Safari/537.36","Origin":"https://pay.ds.163.com","Referer":"https://pay.ds.163.com/","GL-ClientType":"60","GL-DeviceId":"d098426f-23cb-443a-b1cd-6cc42a317bc7","GL-Uid":"e747fde440ca40648852073595ffdfb6","GL-CheckSum":"8ffb653dada476ec36498b783232aba458cd69b4","Content-Length":"97","Accept-Encoding":"gzip, compress, deflate, br"}
[响应结果] {"httpStatus":200,"data":{"code":803,"errmsg":"库存已失效"}}
============================================================
============================================================
[抢购等级] V5
[请求时间] 2026/8/17 11:18:07.106
[响应时间] 2026/8/17 11:18:07.177
[耗时] 71ms
[请求路径] https://inf.ds.163.com/v1/web/exp/week-coupon/acquire
[请求方式] POST
[请求参数] {"query":null,"body":{"couponId":"687086e33d0d02335c1804f4","stockId":"687086e33d0d02335c1804f4_WEEKLY_1786939200000"}}
[请求头] {"Accept":"application/json, text/plain, */*","Content-Type":"application/json;charset=UTF-8","GL-X-XSRF-TOKEN":"1079b026-c774-43e6-a33c-05e12fadcd6e","User-Agent":"Mozilla/5.0 (Windows NT 10.0; Win64; x64) AppleWebKit/537.36 (KHTML, like Gecko) Chrome/122.0.0.0 Safari/537.36","Origin":"https://pay.ds.163.com","Referer":"https://pay.ds.163.com/","GL-ClientType":"60","GL-DeviceId":"d098426f-23cb-443a-b1cd-6cc42a317bc7","GL-Uid":"e747fde440ca40648852073595ffdfb6","GL-CheckSum":"8ffb653dada476ec36498b783232aba458cd69b4","Content-Length":"97","Accept-Encoding":"gzip, compress, deflate, br"}
[响应结果] {"httpStatus":200,"data":{"code":803,"errmsg":"库存已失效"}}
============================================================
============================================================
[抢购等级] V5
[请求时间] 2026/8/17 11:18:08.246
[响应时间] 2026/8/17 11:18:08.325
[耗时] 79ms
[请求路径] https://inf.ds.163.com/v1/web/exp/week-coupon/acquire
[请求方式] POST
[请求参数] {"query":null,"body":{"couponId":"687086e33d0d02335c1804f4","stockId":"687086e33d0d02335c1804f4_WEEKLY_1786939200000"}}
[请求头] {"Accept":"application/json, text/plain, */*","Content-Type":"application/json;charset=UTF-8","GL-X-XSRF-TOKEN":"1079b026-c774-43e6-a33c-05e12fadcd6e","User-Agent":"Mozilla/5.0 (Windows NT 10.0; Win64; x64) AppleWebKit/537.36 (KHTML, like Gecko) Chrome/122.0.0.0 Safari/537.36","Origin":"https://pay.ds.163.com","Referer":"https://pay.ds.163.com/","GL-ClientType":"60","GL-DeviceId":"d098426f-23cb-443a-b1cd-6cc42a317bc7","GL-Uid":"e747fde440ca40648852073595ffdfb6","GL-CheckSum":"8ffb653dada476ec36498b783232aba458cd69b4","Content-Length":"97","Accept-Encoding":"gzip, compress, deflate, br"}
[响应结果] {"httpStatus":200,"data":{"code":803,"errmsg":"库存已失效"}}
============================================================
============================================================
[抢购等级] V5
[开火偏移] 延后 9ms（相对开抢 +9ms）
[目标开抢] 2026/8/17 12:00:00.000
[实际开火] 2026/8/17 12:00:00.009
[请求时间] 2026/8/17 12:00:02.489
[响应时间] 2026/8/17 12:00:03.789
[耗时] 1300ms
[请求路径] https://inf.ds.163.com/v1/web/exp/week-coupon/acquire
[请求方式] POST
[请求参数] {"query":null,"body":{"couponId":"687086e33d0d02335c1804f4","stockId":"687086e33d0d02335c1804f4_WEEKLY_1786939200000"}}
[请求头] {"Accept":"application/json, text/plain, */*","Content-Type":"application/json;charset=UTF-8","GL-X-XSRF-TOKEN":"1079b026-c774-43e6-a33c-05e12fadcd6e","User-Agent":"Mozilla/5.0 (Windows NT 10.0; Win64; x64) AppleWebKit/537.36 (KHTML, like Gecko) Chrome/122.0.0.0 Safari/537.36","Origin":"https://pay.ds.163.com","Referer":"https://pay.ds.163.com/","GL-ClientType":"60","GL-DeviceId":"d098426f-23cb-443a-b1cd-6cc42a317bc7","GL-Uid":"e747fde440ca40648852073595ffdfb6","GL-CheckSum":"8ffb653dada476ec36498b783232aba458cd69b4","Content-Length":"97","Accept-Encoding":"gzip, compress, deflate, br"}
[响应结果] {"httpStatus":200,"data":{"code":809,"errmsg":"您已经领取过本轮福利金"}}
============================================================
