============================================================
[抢购等级] V5
[开火偏移] 延后 9ms（相对开抢 +9ms）
[目标开抢] 2026/8/17 11:10:00.000
[实际开火] 2026/8/17 11:10:00.009
[请求时间] 2026/8/17 11:10:00.065
[响应时间] 2026/8/17 11:10:00.794
[耗时] 729ms
[请求路径] https://inf.ds.163.com/v1/web/exp/week-coupon/acquire
[请求方式] POST
[请求参数] {"query":null,"body":{"couponId":"687086e33d0d02335c1804f4","stockId":"687086e33d0d02335c1804f4_WEEKLY_1786939200000"}}
[请求头] {"Accept":"application/json, text/plain, */*","Content-Type":"application/json;charset=UTF-8","GL-X-XSRF-TOKEN":"d8c15fa0-f189-4741-9528-aff51dcc48b1","User-Agent":"Mozilla/5.0 (Windows NT 10.0; Win64; x64) AppleWebKit/537.36 (KHTML, like Gecko) Chrome/122.0.0.0 Safari/537.36","Origin":"https://pay.ds.163.com","Referer":"https://pay.ds.163.com/","GL-ClientType":"60","GL-DeviceId":"f5a39e72-10c8-4e5b-8cd8-367163453bc4","GL-Uid":"2d45e14739f64ff0a349161969c6c952","GL-CheckSum":"7302c821ec4740ae6e5a1fb9f24ae6b87591f8eb","Content-Length":"97","Accept-Encoding":"gzip, compress, deflate, br"}
[响应结果] {"httpStatus":200,"data":{"code":40009,"errmsg":"活动太火爆了，请稍后再试"}}
============================================================
============================================================
[抢购等级] V5
[请求时间] 2026/8/17 11:10:01.796
[响应时间] 2026/8/17 11:10:01.861
[耗时] 65ms
[请求路径] https://inf.ds.163.com/v1/web/exp/week-coupon/acquire
[请求方式] POST
[请求参数] {"query":null,"body":{"couponId":"687086e33d0d02335c1804f4","stockId":"687086e33d0d02335c1804f4_WEEKLY_1786939200000"}}
[请求头] {"Accept":"application/json, text/plain, */*","Content-Type":"application/json;charset=UTF-8","GL-X-XSRF-TOKEN":"d8c15fa0-f189-4741-9528-aff51dcc48b1","User-Agent":"Mozilla/5.0 (Windows NT 10.0; Win64; x64) AppleWebKit/537.36 (KHTML, like Gecko) Chrome/122.0.0.0 Safari/537.36","Origin":"https://pay.ds.163.com","Referer":"https://pay.ds.163.com/","GL-ClientType":"60","GL-DeviceId":"f5a39e72-10c8-4e5b-8cd8-367163453bc4","GL-Uid":"2d45e14739f64ff0a349161969c6c952","GL-CheckSum":"7302c821ec4740ae6e5a1fb9f24ae6b87591f8eb","Content-Length":"97","Accept-Encoding":"gzip, compress, deflate, br"}
[响应结果] {"httpStatus":200,"data":{"code":803,"errmsg":"库存已失效"}}
============================================================
============================================================
[抢购等级] V5
[请求时间] 2026/8/17 11:10:02.933
[响应时间] 2026/8/17 11:10:02.988
[耗时] 55ms
[请求路径] https://inf.ds.163.com/v1/web/exp/week-coupon/acquire
[请求方式] POST
[请求参数] {"query":null,"body":{"couponId":"687086e33d0d02335c1804f4","stockId":"687086e33d0d02335c1804f4_WEEKLY_1786939200000"}}
[请求头] {"Accept":"application/json, text/plain, */*","Content-Type":"application/json;charset=UTF-8","GL-X-XSRF-TOKEN":"d8c15fa0-f189-4741-9528-aff51dcc48b1","User-Agent":"Mozilla/5.0 (Windows NT 10.0; Win64; x64) AppleWebKit/537.36 (KHTML, like Gecko) Chrome/122.0.0.0 Safari/537.36","Origin":"https://pay.ds.163.com","Referer":"https://pay.ds.163.com/","GL-ClientType":"60","GL-DeviceId":"f5a39e72-10c8-4e5b-8cd8-367163453bc4","GL-Uid":"2d45e14739f64ff0a349161969c6c952","GL-CheckSum":"7302c821ec4740ae6e5a1fb9f24ae6b87591f8eb","Content-Length":"97","Accept-Encoding":"gzip, compress, deflate, br"}
[响应结果] {"httpStatus":200,"data":{"code":803,"errmsg":"库存已失效"}}
============================================================
============================================================
[抢购等级] V5
[请求时间] 2026/8/17 11:10:04.066
[响应时间] 2026/8/17 11:10:04.204
[耗时] 138ms
[请求路径] https://inf.ds.163.com/v1/web/exp/week-coupon/acquire
[请求方式] POST
[请求参数] {"query":null,"body":{"couponId":"687086e33d0d02335c1804f4","stockId":"687086e33d0d02335c1804f4_WEEKLY_1786939200000"}}
[请求头] {"Accept":"application/json, text/plain, */*","Content-Type":"application/json;charset=UTF-8","GL-X-XSRF-TOKEN":"d8c15fa0-f189-4741-9528-aff51dcc48b1","User-Agent":"Mozilla/5.0 (Windows NT 10.0; Win64; x64) AppleWebKit/537.36 (KHTML, like Gecko) Chrome/122.0.0.0 Safari/537.36","Origin":"https://pay.ds.163.com","Referer":"https://pay.ds.163.com/","GL-ClientType":"60","GL-DeviceId":"f5a39e72-10c8-4e5b-8cd8-367163453bc4","GL-Uid":"2d45e14739f64ff0a349161969c6c952","GL-CheckSum":"7302c821ec4740ae6e5a1fb9f24ae6b87591f8eb","Content-Length":"97","Accept-Encoding":"gzip, compress, deflate, br"}
[响应结果] {"httpStatus":200,"data":{"code":803,"errmsg":"库存已失效"}}
============================================================
============================================================
[抢购等级] V5
[开火偏移] 延后 10ms（相对开抢 +10ms）
[目标开抢] 2026/8/17 11:18:00.000
[实际开火] 2026/8/17 11:18:00.010
[请求时间] 2026/8/17 11:18:00.048
[响应时间] 2026/8/17 11:18:00.228
[耗时] 180ms
[请求路径] https://inf.ds.163.com/v1/web/exp/week-coupon/acquire
[请求方式] POST
[请求参数] {"query":null,"body":{"couponId":"687086e33d0d02335c1804f4","stockId":"687086e33d0d02335c1804f4_WEEKLY_1786939200000"}}
[请求头] {"Accept":"application/json, text/plain, */*","Content-Type":"application/json;charset=UTF-8","GL-X-XSRF-TOKEN":"d8c15fa0-f189-4741-9528-aff51dcc48b1","User-Agent":"Mozilla/5.0 (Windows NT 10.0; Win64; x64) AppleWebKit/537.36 (KHTML, like Gecko) Chrome/122.0.0.0 Safari/537.36","Origin":"https://pay.ds.163.com","Referer":"https://pay.ds.163.com/","GL-ClientType":"60","GL-DeviceId":"f5a39e72-10c8-4e5b-8cd8-367163453bc4","GL-Uid":"2d45e14739f64ff0a349161969c6c952","GL-CheckSum":"7302c821ec4740ae6e5a1fb9f24ae6b87591f8eb","Content-Length":"97","Accept-Encoding":"gzip, compress, deflate, br"}
[响应结果] {"httpStatus":200,"data":{"code":803,"errmsg":"库存已失效"}}
============================================================
============================================================
[抢购等级] V5
[请求时间] 2026/8/17 11:18:01.329
[响应时间] 2026/8/17 11:18:01.461
[耗时] 132ms
[请求路径] https://inf.ds.163.com/v1/web/exp/week-coupon/acquire
[请求方式] POST
[请求参数] {"query":null,"body":{"couponId":"687086e33d0d02335c1804f4","stockId":"687086e33d0d02335c1804f4_WEEKLY_1786939200000"}}
[请求头] {"Accept":"application/json, text/plain, */*","Content-Type":"application/json;charset=UTF-8","GL-X-XSRF-TOKEN":"d8c15fa0-f189-4741-9528-aff51dcc48b1","User-Agent":"Mozilla/5.0 (Windows NT 10.0; Win64; x64) AppleWebKit/537.36 (KHTML, like Gecko) Chrome/122.0.0.0 Safari/537.36","Origin":"https://pay.ds.163.com","Referer":"https://pay.ds.163.com/","GL-ClientType":"60","GL-DeviceId":"f5a39e72-10c8-4e5b-8cd8-367163453bc4","GL-Uid":"2d45e14739f64ff0a349161969c6c952","GL-CheckSum":"7302c821ec4740ae6e5a1fb9f24ae6b87591f8eb","Content-Length":"97","Accept-Encoding":"gzip, compress, deflate, br"}
[响应结果] {"httpStatus":200,"data":{"code":803,"errmsg":"库存已失效"}}
============================================================
============================================================
[抢购等级] V5
[请求时间] 2026/8/17 11:18:02.557
[响应时间] 2026/8/17 11:18:02.671
[耗时] 114ms
[请求路径] https://inf.ds.163.com/v1/web/exp/week-coupon/acquire
[请求方式] POST
[请求参数] {"query":null,"body":{"couponId":"687086e33d0d02335c1804f4","stockId":"687086e33d0d02335c1804f4_WEEKLY_1786939200000"}}
[请求头] {"Accept":"application/json, text/plain, */*","Content-Type":"application/json;charset=UTF-8","GL-X-XSRF-TOKEN":"d8c15fa0-f189-4741-9528-aff51dcc48b1","User-Agent":"Mozilla/5.0 (Windows NT 10.0; Win64; x64) AppleWebKit/537.36 (KHTML, like Gecko) Chrome/122.0.0.0 Safari/537.36","Origin":"https://pay.ds.163.com","Referer":"https://pay.ds.163.com/","GL-ClientType":"60","GL-DeviceId":"f5a39e72-10c8-4e5b-8cd8-367163453bc4","GL-Uid":"2d45e14739f64ff0a349161969c6c952","GL-CheckSum":"7302c821ec4740ae6e5a1fb9f24ae6b87591f8eb","Content-Length":"97","Accept-Encoding":"gzip, compress, deflate, br"}
[响应结果] {"httpStatus":200,"data":{"code":803,"errmsg":"库存已失效"}}
============================================================
============================================================
[抢购等级] V5
[请求时间] 2026/8/17 11:18:03.746
[响应时间] 2026/8/17 11:18:03.812
[耗时] 66ms
[请求路径] https://inf.ds.163.com/v1/web/exp/week-coupon/acquire
[请求方式] POST
[请求参数] {"query":null,"body":{"couponId":"687086e33d0d02335c1804f4","stockId":"687086e33d0d02335c1804f4_WEEKLY_1786939200000"}}
[请求头] {"Accept":"application/json, text/plain, */*","Content-Type":"application/json;charset=UTF-8","GL-X-XSRF-TOKEN":"d8c15fa0-f189-4741-9528-aff51dcc48b1","User-Agent":"Mozilla/5.0 (Windows NT 10.0; Win64; x64) AppleWebKit/537.36 (KHTML, like Gecko) Chrome/122.0.0.0 Safari/537.36","Origin":"https://pay.ds.163.com","Referer":"https://pay.ds.163.com/","GL-ClientType":"60","GL-DeviceId":"f5a39e72-10c8-4e5b-8cd8-367163453bc4","GL-Uid":"2d45e14739f64ff0a349161969c6c952","GL-CheckSum":"7302c821ec4740ae6e5a1fb9f24ae6b87591f8eb","Content-Length":"97","Accept-Encoding":"gzip, compress, deflate, br"}
[响应结果] {"httpStatus":200,"data":{"code":803,"errmsg":"库存已失效"}}
============================================================
============================================================
[抢购等级] V5
[请求时间] 2026/8/17 11:18:04.859
[响应时间] 2026/8/17 11:18:04.933
[耗时] 74ms
[请求路径] https://inf.ds.163.com/v1/web/exp/week-coupon/acquire
[请求方式] POST
[请求参数] {"query":null,"body":{"couponId":"687086e33d0d02335c1804f4","stockId":"687086e33d0d02335c1804f4_WEEKLY_1786939200000"}}
[请求头] {"Accept":"application/json, text/plain, */*","Content-Type":"application/json;charset=UTF-8","GL-X-XSRF-TOKEN":"d8c15fa0-f189-4741-9528-aff51dcc48b1","User-Agent":"Mozilla/5.0 (Windows NT 10.0; Win64; x64) AppleWebKit/537.36 (KHTML, like Gecko) Chrome/122.0.0.0 Safari/537.36","Origin":"https://pay.ds.163.com","Referer":"https://pay.ds.163.com/","GL-ClientType":"60","GL-DeviceId":"f5a39e72-10c8-4e5b-8cd8-367163453bc4","GL-Uid":"2d45e14739f64ff0a349161969c6c952","GL-CheckSum":"7302c821ec4740ae6e5a1fb9f24ae6b87591f8eb","Content-Length":"97","Accept-Encoding":"gzip, compress, deflate, br"}
[响应结果] {"httpStatus":200,"data":{"code":803,"errmsg":"库存已失效"}}
============================================================
============================================================
[抢购等级] V5
[请求时间] 2026/8/17 11:18:05.999
[响应时间] 2026/8/17 11:18:06.048
[耗时] 49ms
[请求路径] https://inf.ds.163.com/v1/web/exp/week-coupon/acquire
[请求方式] POST
[请求参数] {"query":null,"body":{"couponId":"687086e33d0d02335c1804f4","stockId":"687086e33d0d02335c1804f4_WEEKLY_1786939200000"}}
[请求头] {"Accept":"application/json, text/plain, */*","Content-Type":"application/json;charset=UTF-8","GL-X-XSRF-TOKEN":"d8c15fa0-f189-4741-9528-aff51dcc48b1","User-Agent":"Mozilla/5.0 (Windows NT 10.0; Win64; x64) AppleWebKit/537.36 (KHTML, like Gecko) Chrome/122.0.0.0 Safari/537.36","Origin":"https://pay.ds.163.com","Referer":"https://pay.ds.163.com/","GL-ClientType":"60","GL-DeviceId":"f5a39e72-10c8-4e5b-8cd8-367163453bc4","GL-Uid":"2d45e14739f64ff0a349161969c6c952","GL-CheckSum":"7302c821ec4740ae6e5a1fb9f24ae6b87591f8eb","Content-Length":"97","Accept-Encoding":"gzip, compress, deflate, br"}
[响应结果] {"httpStatus":200,"data":{"code":803,"errmsg":"库存已失效"}}
============================================================
============================================================
[抢购等级] V5
[请求时间] 2026/8/17 11:18:07.110
[响应时间] 2026/8/17 11:18:07.173
[耗时] 63ms
[请求路径] https://inf.ds.163.com/v1/web/exp/week-coupon/acquire
[请求方式] POST
[请求参数] {"query":null,"body":{"couponId":"687086e33d0d02335c1804f4","stockId":"687086e33d0d02335c1804f4_WEEKLY_1786939200000"}}
[请求头] {"Accept":"application/json, text/plain, */*","Content-Type":"application/json;charset=UTF-8","GL-X-XSRF-TOKEN":"d8c15fa0-f189-4741-9528-aff51dcc48b1","User-Agent":"Mozilla/5.0 (Windows NT 10.0; Win64; x64) AppleWebKit/537.36 (KHTML, like Gecko) Chrome/122.0.0.0 Safari/537.36","Origin":"https://pay.ds.163.com","Referer":"https://pay.ds.163.com/","GL-ClientType":"60","GL-DeviceId":"f5a39e72-10c8-4e5b-8cd8-367163453bc4","GL-Uid":"2d45e14739f64ff0a349161969c6c952","GL-CheckSum":"7302c821ec4740ae6e5a1fb9f24ae6b87591f8eb","Content-Length":"97","Accept-Encoding":"gzip, compress, deflate, br"}
[响应结果] {"httpStatus":200,"data":{"code":803,"errmsg":"库存已失效"}}
============================================================
============================================================
[抢购等级] V5
[请求时间] 2026/8/17 11:18:08.225
[响应时间] 2026/8/17 11:18:08.292
[耗时] 67ms
[请求路径] https://inf.ds.163.com/v1/web/exp/week-coupon/acquire
[请求方式] POST
[请求参数] {"query":null,"body":{"couponId":"687086e33d0d02335c1804f4","stockId":"687086e33d0d02335c1804f4_WEEKLY_1786939200000"}}
[请求头] {"Accept":"application/json, text/plain, */*","Content-Type":"application/json;charset=UTF-8","GL-X-XSRF-TOKEN":"d8c15fa0-f189-4741-9528-aff51dcc48b1","User-Agent":"Mozilla/5.0 (Windows NT 10.0; Win64; x64) AppleWebKit/537.36 (KHTML, like Gecko) Chrome/122.0.0.0 Safari/537.36","Origin":"https://pay.ds.163.com","Referer":"https://pay.ds.163.com/","GL-ClientType":"60","GL-DeviceId":"f5a39e72-10c8-4e5b-8cd8-367163453bc4","GL-Uid":"2d45e14739f64ff0a349161969c6c952","GL-CheckSum":"7302c821ec4740ae6e5a1fb9f24ae6b87591f8eb","Content-Length":"97","Accept-Encoding":"gzip, compress, deflate, br"}
[响应结果] {"httpStatus":200,"data":{"code":803,"errmsg":"库存已失效"}}
============================================================
============================================================
[抢购等级] V5
[开火偏移] 延后 2ms（相对开抢 +2ms）
[目标开抢] 2026/8/17 12:00:00.000
[实际开火] 2026/8/17 12:00:00.002
[请求时间] 2026/8/17 12:00:02.489
[响应时间] 2026/8/17 12:00:03.350
[耗时] 861ms
[请求路径] https://inf.ds.163.com/v1/web/exp/week-coupon/acquire
[请求方式] POST
[请求参数] {"query":null,"body":{"couponId":"687086e33d0d02335c1804f4","stockId":"687086e33d0d02335c1804f4_WEEKLY_1786939200000"}}
[请求头] {"Accept":"application/json, text/plain, */*","Content-Type":"application/json;charset=UTF-8","GL-X-XSRF-TOKEN":"d8c15fa0-f189-4741-9528-aff51dcc48b1","User-Agent":"Mozilla/5.0 (Windows NT 10.0; Win64; x64) AppleWebKit/537.36 (KHTML, like Gecko) Chrome/122.0.0.0 Safari/537.36","Origin":"https://pay.ds.163.com","Referer":"https://pay.ds.163.com/","GL-ClientType":"60","GL-DeviceId":"f5a39e72-10c8-4e5b-8cd8-367163453bc4","GL-Uid":"2d45e14739f64ff0a349161969c6c952","GL-CheckSum":"7302c821ec4740ae6e5a1fb9f24ae6b87591f8eb","Content-Length":"97","Accept-Encoding":"gzip, compress, deflate, br"}
[响应结果] {"httpStatus":200,"data":{"code":40009,"errmsg":"活动太火爆了，请稍后再试"}}
============================================================
============================================================
[抢购等级] V5
[请求时间] 2026/8/17 12:00:04.358
[响应时间] 2026/8/17 12:00:05.696
[耗时] 1338ms
[请求路径] https://inf.ds.163.com/v1/web/exp/week-coupon/acquire
[请求方式] POST
[请求参数] {"query":null,"body":{"couponId":"687086e33d0d02335c1804f4","stockId":"687086e33d0d02335c1804f4_WEEKLY_1786939200000"}}
[请求头] {"Accept":"application/json, text/plain, */*","Content-Type":"application/json;charset=UTF-8","GL-X-XSRF-TOKEN":"d8c15fa0-f189-4741-9528-aff51dcc48b1","User-Agent":"Mozilla/5.0 (Windows NT 10.0; Win64; x64) AppleWebKit/537.36 (KHTML, like Gecko) Chrome/122.0.0.0 Safari/537.36","Origin":"https://pay.ds.163.com","Referer":"https://pay.ds.163.com/","GL-ClientType":"60","GL-DeviceId":"f5a39e72-10c8-4e5b-8cd8-367163453bc4","GL-Uid":"2d45e14739f64ff0a349161969c6c952","GL-CheckSum":"7302c821ec4740ae6e5a1fb9f24ae6b87591f8eb","Content-Length":"97","Accept-Encoding":"gzip, compress, deflate, br"}
[响应结果] {"httpStatus":200,"data":{"code":40009,"errmsg":"活动太火爆了，请稍后再试"}}
============================================================
============================================================
[抢购等级] V5
[请求时间] 2026/8/17 12:00:06.699
[响应时间] 2026/8/17 12:00:06.776
[耗时] 77ms
[请求路径] https://inf.ds.163.com/v1/web/exp/week-coupon/acquire
[请求方式] POST
[请求参数] {"query":null,"body":{"couponId":"687086e33d0d02335c1804f4","stockId":"687086e33d0d02335c1804f4_WEEKLY_1786939200000"}}
[请求头] {"Accept":"application/json, text/plain, */*","Content-Type":"application/json;charset=UTF-8","GL-X-XSRF-TOKEN":"d8c15fa0-f189-4741-9528-aff51dcc48b1","User-Agent":"Mozilla/5.0 (Windows NT 10.0; Win64; x64) AppleWebKit/537.36 (KHTML, like Gecko) Chrome/122.0.0.0 Safari/537.36","Origin":"https://pay.ds.163.com","Referer":"https://pay.ds.163.com/","GL-ClientType":"60","GL-DeviceId":"f5a39e72-10c8-4e5b-8cd8-367163453bc4","GL-Uid":"2d45e14739f64ff0a349161969c6c952","GL-CheckSum":"7302c821ec4740ae6e5a1fb9f24ae6b87591f8eb","Content-Length":"97","Accept-Encoding":"gzip, compress, deflate, br"}
[响应结果] {"httpStatus":200,"data":{"code":40008,"errmsg":"当前库存已不足，敬请参与下期活动噢"}}
============================================================
============================================================
[抢购等级] V5
[请求时间] 2026/8/17 12:00:07.779
[响应时间] 2026/8/17 12:00:07.862
[耗时] 83ms
[请求路径] https://inf.ds.163.com/v1/web/exp/week-coupon/acquire
[请求方式] POST
[请求参数] {"query":null,"body":{"couponId":"687086e33d0d02335c1804f4","stockId":"687086e33d0d02335c1804f4_WEEKLY_1786939200000"}}
[请求头] {"Accept":"application/json, text/plain, */*","Content-Type":"application/json;charset=UTF-8","GL-X-XSRF-TOKEN":"d8c15fa0-f189-4741-9528-aff51dcc48b1","User-Agent":"Mozilla/5.0 (Windows NT 10.0; Win64; x64) AppleWebKit/537.36 (KHTML, like Gecko) Chrome/122.0.0.0 Safari/537.36","Origin":"https://pay.ds.163.com","Referer":"https://pay.ds.163.com/","GL-ClientType":"60","GL-DeviceId":"f5a39e72-10c8-4e5b-8cd8-367163453bc4","GL-Uid":"2d45e14739f64ff0a349161969c6c952","GL-CheckSum":"7302c821ec4740ae6e5a1fb9f24ae6b87591f8eb","Content-Length":"97","Accept-Encoding":"gzip, compress, deflate, br"}
[响应结果] {"httpStatus":200,"data":{"code":40008,"errmsg":"当前库存已不足，敬请参与下期活动噢"}}
============================================================
============================================================
[抢购等级] V5
[请求时间] 2026/8/17 12:00:08.862
[响应时间] 2026/8/17 12:00:08.924
[耗时] 62ms
[请求路径] https://inf.ds.163.com/v1/web/exp/week-coupon/acquire
[请求方式] POST
[请求参数] {"query":null,"body":{"couponId":"687086e33d0d02335c1804f4","stockId":"687086e33d0d02335c1804f4_WEEKLY_1786939200000"}}
[请求头] {"Accept":"application/json, text/plain, */*","Content-Type":"application/json;charset=UTF-8","GL-X-XSRF-TOKEN":"d8c15fa0-f189-4741-9528-aff51dcc48b1","User-Agent":"Mozilla/5.0 (Windows NT 10.0; Win64; x64) AppleWebKit/537.36 (KHTML, like Gecko) Chrome/122.0.0.0 Safari/537.36","Origin":"https://pay.ds.163.com","Referer":"https://pay.ds.163.com/","GL-ClientType":"60","GL-DeviceId":"f5a39e72-10c8-4e5b-8cd8-367163453bc4","GL-Uid":"2d45e14739f64ff0a349161969c6c952","GL-CheckSum":"7302c821ec4740ae6e5a1fb9f24ae6b87591f8eb","Content-Length":"97","Accept-Encoding":"gzip, compress, deflate, br"}
[响应结果] {"httpStatus":200,"data":{"code":40008,"errmsg":"当前库存已不足，敬请参与下期活动噢"}}
============================================================
