============================================================
[抢购等级] V7
[开火偏移] 延后 1ms（相对开抢 +1ms）
[目标开抢] 2026/8/17 11:10:00.000
[实际开火] 2026/8/17 11:10:00.001
[请求时间] 2026/8/17 11:10:00.021
[响应时间] 2026/8/17 11:10:00.231
[耗时] 210ms
[请求路径] https://inf.ds.163.com/v1/web/exp/week-coupon/acquire
[请求方式] POST
[请求参数] {"query":null,"body":{"couponId":"6870872e89fddd2bbdec96bd","stockId":"6870872e89fddd2bbdec96bd_WEEKLY_1786939200000"}}
[请求头] {"Accept":"application/json, text/plain, */*","Content-Type":"application/json;charset=UTF-8","GL-X-XSRF-TOKEN":"2dae7c74-af4a-484c-bded-cc8c5a0fafb8","User-Agent":"Mozilla/5.0 (Windows NT 10.0; Win64; x64) AppleWebKit/537.36 (KHTML, like Gecko) Chrome/122.0.0.0 Safari/537.36","Origin":"https://pay.ds.163.com","Referer":"https://pay.ds.163.com/","GL-ClientType":"60","GL-DeviceId":"b7fc89f9-5c9a-4357-8d74-461ed4a3bf4f","GL-Uid":"17261ac3aab5446cbc29e2609045c15b","GL-CheckSum":"5b3800d52b2c95d6edec6b5f0ab872dfea85bfcb","Content-Length":"97","Accept-Encoding":"gzip, compress, deflate, br"}
[响应结果] {"httpStatus":200,"data":{"code":803,"errmsg":"库存已失效"}}
============================================================
============================================================
[抢购等级] V7
[请求时间] 2026/8/17 11:10:01.397
[响应时间] 2026/8/17 11:10:01.572
[耗时] 175ms
[请求路径] https://inf.ds.163.com/v1/web/exp/week-coupon/acquire
[请求方式] POST
[请求参数] {"query":null,"body":{"couponId":"6870872e89fddd2bbdec96bd","stockId":"6870872e89fddd2bbdec96bd_WEEKLY_1786939200000"}}
[请求头] {"Accept":"application/json, text/plain, */*","Content-Type":"application/json;charset=UTF-8","GL-X-XSRF-TOKEN":"2dae7c74-af4a-484c-bded-cc8c5a0fafb8","User-Agent":"Mozilla/5.0 (Windows NT 10.0; Win64; x64) AppleWebKit/537.36 (KHTML, like Gecko) Chrome/122.0.0.0 Safari/537.36","Origin":"https://pay.ds.163.com","Referer":"https://pay.ds.163.com/","GL-ClientType":"60","GL-DeviceId":"b7fc89f9-5c9a-4357-8d74-461ed4a3bf4f","GL-Uid":"17261ac3aab5446cbc29e2609045c15b","GL-CheckSum":"5b3800d52b2c95d6edec6b5f0ab872dfea85bfcb","Content-Length":"97","Accept-Encoding":"gzip, compress, deflate, br"}
[响应结果] {"httpStatus":200,"data":{"code":803,"errmsg":"库存已失效"}}
============================================================
============================================================
[抢购等级] V7
[请求时间] 2026/8/17 11:10:02.696
[响应时间] 2026/8/17 11:10:02.846
[耗时] 150ms
[请求路径] https://inf.ds.163.com/v1/web/exp/week-coupon/acquire
[请求方式] POST
[请求参数] {"query":null,"body":{"couponId":"6870872e89fddd2bbdec96bd","stockId":"6870872e89fddd2bbdec96bd_WEEKLY_1786939200000"}}
[请求头] {"Accept":"application/json, text/plain, */*","Content-Type":"application/json;charset=UTF-8","GL-X-XSRF-TOKEN":"2dae7c74-af4a-484c-bded-cc8c5a0fafb8","User-Agent":"Mozilla/5.0 (Windows NT 10.0; Win64; x64) AppleWebKit/537.36 (KHTML, like Gecko) Chrome/122.0.0.0 Safari/537.36","Origin":"https://pay.ds.163.com","Referer":"https://pay.ds.163.com/","GL-ClientType":"60","GL-DeviceId":"b7fc89f9-5c9a-4357-8d74-461ed4a3bf4f","GL-Uid":"17261ac3aab5446cbc29e2609045c15b","GL-CheckSum":"5b3800d52b2c95d6edec6b5f0ab872dfea85bfcb","Content-Length":"97","Accept-Encoding":"gzip, compress, deflate, br"}
[响应结果] {"httpStatus":200,"data":{"code":803,"errmsg":"库存已失效"}}
============================================================
============================================================
[抢购等级] V7
[请求时间] 2026/8/17 11:10:03.962
[响应时间] 2026/8/17 11:10:04.095
[耗时] 133ms
[请求路径] https://inf.ds.163.com/v1/web/exp/week-coupon/acquire
[请求方式] POST
[请求参数] {"query":null,"body":{"couponId":"6870872e89fddd2bbdec96bd","stockId":"6870872e89fddd2bbdec96bd_WEEKLY_1786939200000"}}
[请求头] {"Accept":"application/json, text/plain, */*","Content-Type":"application/json;charset=UTF-8","GL-X-XSRF-TOKEN":"2dae7c74-af4a-484c-bded-cc8c5a0fafb8","User-Agent":"Mozilla/5.0 (Windows NT 10.0; Win64; x64) AppleWebKit/537.36 (KHTML, like Gecko) Chrome/122.0.0.0 Safari/537.36","Origin":"https://pay.ds.163.com","Referer":"https://pay.ds.163.com/","GL-ClientType":"60","GL-DeviceId":"b7fc89f9-5c9a-4357-8d74-461ed4a3bf4f","GL-Uid":"17261ac3aab5446cbc29e2609045c15b","GL-CheckSum":"5b3800d52b2c95d6edec6b5f0ab872dfea85bfcb","Content-Length":"97","Accept-Encoding":"gzip, compress, deflate, br"}
[响应结果] {"httpStatus":200,"data":{"code":803,"errmsg":"库存已失效"}}
============================================================
============================================================
[抢购等级] V7
[开火偏移] 延后 6ms（相对开抢 +6ms）
[目标开抢] 2026/8/17 11:18:00.000
[实际开火] 2026/8/17 11:18:00.006
[请求时间] 2026/8/17 11:18:00.028
[响应时间] 2026/8/17 11:18:00.150
[耗时] 122ms
[请求路径] https://inf.ds.163.com/v1/web/exp/week-coupon/acquire
[请求方式] POST
[请求参数] {"query":null,"body":{"couponId":"6870872e89fddd2bbdec96bd","stockId":"6870872e89fddd2bbdec96bd_WEEKLY_1786939200000"}}
[请求头] {"Accept":"application/json, text/plain, */*","Content-Type":"application/json;charset=UTF-8","GL-X-XSRF-TOKEN":"2dae7c74-af4a-484c-bded-cc8c5a0fafb8","User-Agent":"Mozilla/5.0 (Windows NT 10.0; Win64; x64) AppleWebKit/537.36 (KHTML, like Gecko) Chrome/122.0.0.0 Safari/537.36","Origin":"https://pay.ds.163.com","Referer":"https://pay.ds.163.com/","GL-ClientType":"60","GL-DeviceId":"b7fc89f9-5c9a-4357-8d74-461ed4a3bf4f","GL-Uid":"17261ac3aab5446cbc29e2609045c15b","GL-CheckSum":"5b3800d52b2c95d6edec6b5f0ab872dfea85bfcb","Content-Length":"97","Accept-Encoding":"gzip, compress, deflate, br"}
[响应结果] {"httpStatus":200,"data":{"code":803,"errmsg":"库存已失效"}}
============================================================
============================================================
[抢购等级] V7
[请求时间] 2026/8/17 11:18:01.300
[响应时间] 2026/8/17 11:18:01.443
[耗时] 143ms
[请求路径] https://inf.ds.163.com/v1/web/exp/week-coupon/acquire
[请求方式] POST
[请求参数] {"query":null,"body":{"couponId":"6870872e89fddd2bbdec96bd","stockId":"6870872e89fddd2bbdec96bd_WEEKLY_1786939200000"}}
[请求头] {"Accept":"application/json, text/plain, */*","Content-Type":"application/json;charset=UTF-8","GL-X-XSRF-TOKEN":"2dae7c74-af4a-484c-bded-cc8c5a0fafb8","User-Agent":"Mozilla/5.0 (Windows NT 10.0; Win64; x64) AppleWebKit/537.36 (KHTML, like Gecko) Chrome/122.0.0.0 Safari/537.36","Origin":"https://pay.ds.163.com","Referer":"https://pay.ds.163.com/","GL-ClientType":"60","GL-DeviceId":"b7fc89f9-5c9a-4357-8d74-461ed4a3bf4f","GL-Uid":"17261ac3aab5446cbc29e2609045c15b","GL-CheckSum":"5b3800d52b2c95d6edec6b5f0ab872dfea85bfcb","Content-Length":"97","Accept-Encoding":"gzip, compress, deflate, br"}
[响应结果] {"httpStatus":200,"data":{"code":803,"errmsg":"库存已失效"}}
============================================================
============================================================
[抢购等级] V7
[请求时间] 2026/8/17 11:18:02.550
[响应时间] 2026/8/17 11:18:02.660
[耗时] 110ms
[请求路径] https://inf.ds.163.com/v1/web/exp/week-coupon/acquire
[请求方式] POST
[请求参数] {"query":null,"body":{"couponId":"6870872e89fddd2bbdec96bd","stockId":"6870872e89fddd2bbdec96bd_WEEKLY_1786939200000"}}
[请求头] {"Accept":"application/json, text/plain, */*","Content-Type":"application/json;charset=UTF-8","GL-X-XSRF-TOKEN":"2dae7c74-af4a-484c-bded-cc8c5a0fafb8","User-Agent":"Mozilla/5.0 (Windows NT 10.0; Win64; x64) AppleWebKit/537.36 (KHTML, like Gecko) Chrome/122.0.0.0 Safari/537.36","Origin":"https://pay.ds.163.com","Referer":"https://pay.ds.163.com/","GL-ClientType":"60","GL-DeviceId":"b7fc89f9-5c9a-4357-8d74-461ed4a3bf4f","GL-Uid":"17261ac3aab5446cbc29e2609045c15b","GL-CheckSum":"5b3800d52b2c95d6edec6b5f0ab872dfea85bfcb","Content-Length":"97","Accept-Encoding":"gzip, compress, deflate, br"}
[响应结果] {"httpStatus":200,"data":{"code":803,"errmsg":"库存已失效"}}
============================================================
============================================================
[抢购等级] V7
[开火偏移] 延后 2ms（相对开抢 +2ms）
[目标开抢] 2026/8/17 12:00:00.000
[实际开火] 2026/8/17 12:00:00.002
[请求时间] 2026/8/17 12:00:02.488
[响应时间] 2026/8/17 12:00:03.578
[耗时] 1090ms
[请求路径] https://inf.ds.163.com/v1/web/exp/week-coupon/acquire
[请求方式] POST
[请求参数] {"query":null,"body":{"couponId":"6870872e89fddd2bbdec96bd","stockId":"6870872e89fddd2bbdec96bd_WEEKLY_1786939200000"}}
[请求头] {"Accept":"application/json, text/plain, */*","Content-Type":"application/json;charset=UTF-8","GL-X-XSRF-TOKEN":"2dae7c74-af4a-484c-bded-cc8c5a0fafb8","User-Agent":"Mozilla/5.0 (Windows NT 10.0; Win64; x64) AppleWebKit/537.36 (KHTML, like Gecko) Chrome/122.0.0.0 Safari/537.36","Origin":"https://pay.ds.163.com","Referer":"https://pay.ds.163.com/","GL-ClientType":"60","GL-DeviceId":"b7fc89f9-5c9a-4357-8d74-461ed4a3bf4f","GL-Uid":"17261ac3aab5446cbc29e2609045c15b","GL-CheckSum":"5b3800d52b2c95d6edec6b5f0ab872dfea85bfcb","Content-Length":"97","Accept-Encoding":"gzip, compress, deflate, br"}
[响应结果] {"httpStatus":200,"data":{"code":40008,"errmsg":"当前库存已不足，敬请参与下期活动噢"}}
============================================================
============================================================
[抢购等级] V7
[请求时间] 2026/8/17 12:00:04.581
[响应时间] 2026/8/17 12:00:05.765
[耗时] 1184ms
[请求路径] https://inf.ds.163.com/v1/web/exp/week-coupon/acquire
[请求方式] POST
[请求参数] {"query":null,"body":{"couponId":"6870872e89fddd2bbdec96bd","stockId":"6870872e89fddd2bbdec96bd_WEEKLY_1786939200000"}}
[请求头] {"Accept":"application/json, text/plain, */*","Content-Type":"application/json;charset=UTF-8","GL-X-XSRF-TOKEN":"2dae7c74-af4a-484c-bded-cc8c5a0fafb8","User-Agent":"Mozilla/5.0 (Windows NT 10.0; Win64; x64) AppleWebKit/537.36 (KHTML, like Gecko) Chrome/122.0.0.0 Safari/537.36","Origin":"https://pay.ds.163.com","Referer":"https://pay.ds.163.com/","GL-ClientType":"60","GL-DeviceId":"b7fc89f9-5c9a-4357-8d74-461ed4a3bf4f","GL-Uid":"17261ac3aab5446cbc29e2609045c15b","GL-CheckSum":"5b3800d52b2c95d6edec6b5f0ab872dfea85bfcb","Content-Length":"97","Accept-Encoding":"gzip, compress, deflate, br"}
[响应结果] {"httpStatus":200,"data":{"code":40009,"errmsg":"活动太火爆了，请稍后再试"}}
============================================================
============================================================
[抢购等级] V7
[请求时间] 2026/8/17 12:00:06.765
[响应时间] 2026/8/17 12:00:06.838
[耗时] 73ms
[请求路径] https://inf.ds.163.com/v1/web/exp/week-coupon/acquire
[请求方式] POST
[请求参数] {"query":null,"body":{"couponId":"6870872e89fddd2bbdec96bd","stockId":"6870872e89fddd2bbdec96bd_WEEKLY_1786939200000"}}
[请求头] {"Accept":"application/json, text/plain, */*","Content-Type":"application/json;charset=UTF-8","GL-X-XSRF-TOKEN":"2dae7c74-af4a-484c-bded-cc8c5a0fafb8","User-Agent":"Mozilla/5.0 (Windows NT 10.0; Win64; x64) AppleWebKit/537.36 (KHTML, like Gecko) Chrome/122.0.0.0 Safari/537.36","Origin":"https://pay.ds.163.com","Referer":"https://pay.ds.163.com/","GL-ClientType":"60","GL-DeviceId":"b7fc89f9-5c9a-4357-8d74-461ed4a3bf4f","GL-Uid":"17261ac3aab5446cbc29e2609045c15b","GL-CheckSum":"5b3800d52b2c95d6edec6b5f0ab872dfea85bfcb","Content-Length":"97","Accept-Encoding":"gzip, compress, deflate, br"}
[响应结果] {"httpStatus":200,"data":{"code":40009,"errmsg":"活动太火爆了，请稍后再试"}}
============================================================
============================================================
[抢购等级] V7
[请求时间] 2026/8/17 12:00:07.842
[响应时间] 2026/8/17 12:00:07.902
[耗时] 60ms
[请求路径] https://inf.ds.163.com/v1/web/exp/week-coupon/acquire
[请求方式] POST
[请求参数] {"query":null,"body":{"couponId":"6870872e89fddd2bbdec96bd","stockId":"6870872e89fddd2bbdec96bd_WEEKLY_1786939200000"}}
[请求头] {"Accept":"application/json, text/plain, */*","Content-Type":"application/json;charset=UTF-8","GL-X-XSRF-TOKEN":"2dae7c74-af4a-484c-bded-cc8c5a0fafb8","User-Agent":"Mozilla/5.0 (Windows NT 10.0; Win64; x64) AppleWebKit/537.36 (KHTML, like Gecko) Chrome/122.0.0.0 Safari/537.36","Origin":"https://pay.ds.163.com","Referer":"https://pay.ds.163.com/","GL-ClientType":"60","GL-DeviceId":"b7fc89f9-5c9a-4357-8d74-461ed4a3bf4f","GL-Uid":"17261ac3aab5446cbc29e2609045c15b","GL-CheckSum":"5b3800d52b2c95d6edec6b5f0ab872dfea85bfcb","Content-Length":"97","Accept-Encoding":"gzip, compress, deflate, br"}
[响应结果] {"httpStatus":200,"data":{"code":40009,"errmsg":"活动太火爆了，请稍后再试"}}
============================================================
============================================================
[抢购等级] V7
[请求时间] 2026/8/17 12:00:08.903
[响应时间] 2026/8/17 12:00:08.958
[耗时] 55ms
[请求路径] https://inf.ds.163.com/v1/web/exp/week-coupon/acquire
[请求方式] POST
[请求参数] {"query":null,"body":{"couponId":"6870872e89fddd2bbdec96bd","stockId":"6870872e89fddd2bbdec96bd_WEEKLY_1786939200000"}}
[请求头] {"Accept":"application/json, text/plain, */*","Content-Type":"application/json;charset=UTF-8","GL-X-XSRF-TOKEN":"2dae7c74-af4a-484c-bded-cc8c5a0fafb8","User-Agent":"Mozilla/5.0 (Windows NT 10.0; Win64; x64) AppleWebKit/537.36 (KHTML, like Gecko) Chrome/122.0.0.0 Safari/537.36","Origin":"https://pay.ds.163.com","Referer":"https://pay.ds.163.com/","GL-ClientType":"60","GL-DeviceId":"b7fc89f9-5c9a-4357-8d74-461ed4a3bf4f","GL-Uid":"17261ac3aab5446cbc29e2609045c15b","GL-CheckSum":"5b3800d52b2c95d6edec6b5f0ab872dfea85bfcb","Content-Length":"97","Accept-Encoding":"gzip, compress, deflate, br"}
[响应结果] {"httpStatus":200,"data":{"code":40009,"errmsg":"活动太火爆了，请稍后再试"}}
============================================================
