============================================================
[抢购等级] V5
[开火偏移] 延后 6ms（相对开抢 +6ms）
[目标开抢] 2026/8/17 11:10:00.000
[实际开火] 2026/8/17 11:10:00.006
[请求时间] 2026/8/17 11:10:00.035
[响应时间] 2026/8/17 11:10:00.260
[耗时] 225ms
[请求路径] https://inf.ds.163.com/v1/web/exp/week-coupon/acquire
[请求方式] POST
[请求参数] {"query":null,"body":{"couponId":"687086e33d0d02335c1804f4","stockId":"687086e33d0d02335c1804f4_WEEKLY_1786939200000"}}
[请求头] {"Accept":"application/json, text/plain, */*","Content-Type":"application/json;charset=UTF-8","GL-X-XSRF-TOKEN":"d7863917-215d-43d5-afb3-98c8d8e6ae60","User-Agent":"Mozilla/5.0 (Windows NT 10.0; Win64; x64) AppleWebKit/537.36 (KHTML, like Gecko) Chrome/122.0.0.0 Safari/537.36","Origin":"https://pay.ds.163.com","Referer":"https://pay.ds.163.com/","GL-ClientType":"60","GL-DeviceId":"8cf3d405-3c0f-4d05-ab13-1fbc9e8c56b4","GL-Uid":"8234675d309a401c98f50f243a1828ec","GL-CheckSum":"16ed66e58340311afc368398a5469db4d3fd4b68","Content-Length":"97","Accept-Encoding":"gzip, compress, deflate, br"}
[响应结果] {"httpStatus":200,"data":{"code":803,"errmsg":"库存已失效"}}
============================================================
============================================================
[抢购等级] V5
[请求时间] 2026/8/17 11:10:01.414
[响应时间] 2026/8/17 11:10:01.553
[耗时] 139ms
[请求路径] https://inf.ds.163.com/v1/web/exp/week-coupon/acquire
[请求方式] POST
[请求参数] {"query":null,"body":{"couponId":"687086e33d0d02335c1804f4","stockId":"687086e33d0d02335c1804f4_WEEKLY_1786939200000"}}
[请求头] {"Accept":"application/json, text/plain, */*","Content-Type":"application/json;charset=UTF-8","GL-X-XSRF-TOKEN":"d7863917-215d-43d5-afb3-98c8d8e6ae60","User-Agent":"Mozilla/5.0 (Windows NT 10.0; Win64; x64) AppleWebKit/537.36 (KHTML, like Gecko) Chrome/122.0.0.0 Safari/537.36","Origin":"https://pay.ds.163.com","Referer":"https://pay.ds.163.com/","GL-ClientType":"60","GL-DeviceId":"8cf3d405-3c0f-4d05-ab13-1fbc9e8c56b4","GL-Uid":"8234675d309a401c98f50f243a1828ec","GL-CheckSum":"16ed66e58340311afc368398a5469db4d3fd4b68","Content-Length":"97","Accept-Encoding":"gzip, compress, deflate, br"}
[响应结果] {"httpStatus":200,"data":{"code":803,"errmsg":"库存已失效"}}
============================================================
============================================================
[抢购等级] V5
[请求时间] 2026/8/17 11:10:02.684
[响应时间] 2026/8/17 11:10:02.792
[耗时] 108ms
[请求路径] https://inf.ds.163.com/v1/web/exp/week-coupon/acquire
[请求方式] POST
[请求参数] {"query":null,"body":{"couponId":"687086e33d0d02335c1804f4","stockId":"687086e33d0d02335c1804f4_WEEKLY_1786939200000"}}
[请求头] {"Accept":"application/json, text/plain, */*","Content-Type":"application/json;charset=UTF-8","GL-X-XSRF-TOKEN":"d7863917-215d-43d5-afb3-98c8d8e6ae60","User-Agent":"Mozilla/5.0 (Windows NT 10.0; Win64; x64) AppleWebKit/537.36 (KHTML, like Gecko) Chrome/122.0.0.0 Safari/537.36","Origin":"https://pay.ds.163.com","Referer":"https://pay.ds.163.com/","GL-ClientType":"60","GL-DeviceId":"8cf3d405-3c0f-4d05-ab13-1fbc9e8c56b4","GL-Uid":"8234675d309a401c98f50f243a1828ec","GL-CheckSum":"16ed66e58340311afc368398a5469db4d3fd4b68","Content-Length":"97","Accept-Encoding":"gzip, compress, deflate, br"}
[响应结果] {"httpStatus":200,"data":{"code":803,"errmsg":"库存已失效"}}
============================================================
============================================================
[抢购等级] V5
[请求时间] 2026/8/17 11:10:03.948
[响应时间] 2026/8/17 11:10:04.095
[耗时] 147ms
[请求路径] https://inf.ds.163.com/v1/web/exp/week-coupon/acquire
[请求方式] POST
[请求参数] {"query":null,"body":{"couponId":"687086e33d0d02335c1804f4","stockId":"687086e33d0d02335c1804f4_WEEKLY_1786939200000"}}
[请求头] {"Accept":"application/json, text/plain, */*","Content-Type":"application/json;charset=UTF-8","GL-X-XSRF-TOKEN":"d7863917-215d-43d5-afb3-98c8d8e6ae60","User-Agent":"Mozilla/5.0 (Windows NT 10.0; Win64; x64) AppleWebKit/537.36 (KHTML, like Gecko) Chrome/122.0.0.0 Safari/537.36","Origin":"https://pay.ds.163.com","Referer":"https://pay.ds.163.com/","GL-ClientType":"60","GL-DeviceId":"8cf3d405-3c0f-4d05-ab13-1fbc9e8c56b4","GL-Uid":"8234675d309a401c98f50f243a1828ec","GL-CheckSum":"16ed66e58340311afc368398a5469db4d3fd4b68","Content-Length":"97","Accept-Encoding":"gzip, compress, deflate, br"}
[响应结果] {"httpStatus":200,"data":{"code":803,"errmsg":"库存已失效"}}
============================================================
============================================================
[抢购等级] V5
[开火偏移] 延后 6ms（相对开抢 +6ms）
[目标开抢] 2026/8/17 11:18:00.000
[实际开火] 2026/8/17 11:18:00.006
[请求时间] 2026/8/17 11:18:00.025
[响应时间] 2026/8/17 11:18:00.205
[耗时] 180ms
[请求路径] https://inf.ds.163.com/v1/web/exp/week-coupon/acquire
[请求方式] POST
[请求参数] {"query":null,"body":{"couponId":"687086e33d0d02335c1804f4","stockId":"687086e33d0d02335c1804f4_WEEKLY_1786939200000"}}
[请求头] {"Accept":"application/json, text/plain, */*","Content-Type":"application/json;charset=UTF-8","GL-X-XSRF-TOKEN":"d7863917-215d-43d5-afb3-98c8d8e6ae60","User-Agent":"Mozilla/5.0 (Windows NT 10.0; Win64; x64) AppleWebKit/537.36 (KHTML, like Gecko) Chrome/122.0.0.0 Safari/537.36","Origin":"https://pay.ds.163.com","Referer":"https://pay.ds.163.com/","GL-ClientType":"60","GL-DeviceId":"8cf3d405-3c0f-4d05-ab13-1fbc9e8c56b4","GL-Uid":"8234675d309a401c98f50f243a1828ec","GL-CheckSum":"16ed66e58340311afc368398a5469db4d3fd4b68","Content-Length":"97","Accept-Encoding":"gzip, compress, deflate, br"}
[响应结果] {"httpStatus":200,"data":{"code":803,"errmsg":"库存已失效"}}
============================================================
============================================================
[抢购等级] V5
[请求时间] 2026/8/17 11:18:01.323
[响应时间] 2026/8/17 11:18:01.443
[耗时] 120ms
[请求路径] https://inf.ds.163.com/v1/web/exp/week-coupon/acquire
[请求方式] POST
[请求参数] {"query":null,"body":{"couponId":"687086e33d0d02335c1804f4","stockId":"687086e33d0d02335c1804f4_WEEKLY_1786939200000"}}
[请求头] {"Accept":"application/json, text/plain, */*","Content-Type":"application/json;charset=UTF-8","GL-X-XSRF-TOKEN":"d7863917-215d-43d5-afb3-98c8d8e6ae60","User-Agent":"Mozilla/5.0 (Windows NT 10.0; Win64; x64) AppleWebKit/537.36 (KHTML, like Gecko) Chrome/122.0.0.0 Safari/537.36","Origin":"https://pay.ds.163.com","Referer":"https://pay.ds.163.com/","GL-ClientType":"60","GL-DeviceId":"8cf3d405-3c0f-4d05-ab13-1fbc9e8c56b4","GL-Uid":"8234675d309a401c98f50f243a1828ec","GL-CheckSum":"16ed66e58340311afc368398a5469db4d3fd4b68","Content-Length":"97","Accept-Encoding":"gzip, compress, deflate, br"}
[响应结果] {"httpStatus":200,"data":{"code":803,"errmsg":"库存已失效"}}
============================================================
============================================================
[抢购等级] V5
[开火偏移] 延后 4ms（相对开抢 +4ms）
[目标开抢] 2026/8/17 12:00:00.000
[实际开火] 2026/8/17 12:00:00.004
[请求时间] 2026/8/17 12:00:02.489
[响应时间] 2026/8/17 12:00:03.697
[耗时] 1208ms
[请求路径] https://inf.ds.163.com/v1/web/exp/week-coupon/acquire
[请求方式] POST
[请求参数] {"query":null,"body":{"couponId":"687086e33d0d02335c1804f4","stockId":"687086e33d0d02335c1804f4_WEEKLY_1786939200000"}}
[请求头] {"Accept":"application/json, text/plain, */*","Content-Type":"application/json;charset=UTF-8","GL-X-XSRF-TOKEN":"d7863917-215d-43d5-afb3-98c8d8e6ae60","User-Agent":"Mozilla/5.0 (Windows NT 10.0; Win64; x64) AppleWebKit/537.36 (KHTML, like Gecko) Chrome/122.0.0.0 Safari/537.36","Origin":"https://pay.ds.163.com","Referer":"https://pay.ds.163.com/","GL-ClientType":"60","GL-DeviceId":"8cf3d405-3c0f-4d05-ab13-1fbc9e8c56b4","GL-Uid":"8234675d309a401c98f50f243a1828ec","GL-CheckSum":"16ed66e58340311afc368398a5469db4d3fd4b68","Content-Length":"97","Accept-Encoding":"gzip, compress, deflate, br"}
[响应结果] {"httpStatus":200,"data":{"code":809,"errmsg":"您已经领取过本轮福利金"}}
============================================================
