============================================================
[抢购等级] V5
[开火偏移] 延后 1ms（相对开抢 +1ms）
[目标开抢] 2026/8/17 11:10:00.000
[实际开火] 2026/8/17 11:10:00.001
[请求时间] 2026/8/17 11:10:00.018
[响应时间] 2026/8/17 11:10:00.204
[耗时] 186ms
[请求路径] https://inf.ds.163.com/v1/web/exp/week-coupon/acquire
[请求方式] POST
[请求参数] {"query":null,"body":{"couponId":"687086e33d0d02335c1804f4","stockId":"687086e33d0d02335c1804f4_WEEKLY_1786939200000"}}
[请求头] {"Accept":"application/json, text/plain, */*","Content-Type":"application/json;charset=UTF-8","GL-X-XSRF-TOKEN":"417212b5-7374-4095-953a-1c30dd2271a8","User-Agent":"Mozilla/5.0 (Windows NT 10.0; Win64; x64) AppleWebKit/537.36 (KHTML, like Gecko) Chrome/122.0.0.0 Safari/537.36","Origin":"https://pay.ds.163.com","Referer":"https://pay.ds.163.com/","GL-ClientType":"60","GL-DeviceId":"62928d27-0388-4a61-a063-70fc41214de8","GL-Uid":"255e9b74e0264275b029a968d02941d8","GL-CheckSum":"e1d8ff14fda539f7d545059135d26387190d14a8","Content-Length":"97","Accept-Encoding":"gzip, compress, deflate, br"}
[响应结果] {"httpStatus":200,"data":{"code":803,"errmsg":"库存已失效"}}
============================================================
============================================================
[抢购等级] V5
[请求时间] 2026/8/17 11:10:01.394
[响应时间] 2026/8/17 11:10:01.536
[耗时] 142ms
[请求路径] https://inf.ds.163.com/v1/web/exp/week-coupon/acquire
[请求方式] POST
[请求参数] {"query":null,"body":{"couponId":"687086e33d0d02335c1804f4","stockId":"687086e33d0d02335c1804f4_WEEKLY_1786939200000"}}
[请求头] {"Accept":"application/json, text/plain, */*","Content-Type":"application/json;charset=UTF-8","GL-X-XSRF-TOKEN":"417212b5-7374-4095-953a-1c30dd2271a8","User-Agent":"Mozilla/5.0 (Windows NT 10.0; Win64; x64) AppleWebKit/537.36 (KHTML, like Gecko) Chrome/122.0.0.0 Safari/537.36","Origin":"https://pay.ds.163.com","Referer":"https://pay.ds.163.com/","GL-ClientType":"60","GL-DeviceId":"62928d27-0388-4a61-a063-70fc41214de8","GL-Uid":"255e9b74e0264275b029a968d02941d8","GL-CheckSum":"e1d8ff14fda539f7d545059135d26387190d14a8","Content-Length":"97","Accept-Encoding":"gzip, compress, deflate, br"}
[响应结果] {"httpStatus":200,"data":{"code":803,"errmsg":"库存已失效"}}
============================================================
============================================================
[抢购等级] V5
[请求时间] 2026/8/17 11:10:02.684
[响应时间] 2026/8/17 11:10:02.845
[耗时] 161ms
[请求路径] https://inf.ds.163.com/v1/web/exp/week-coupon/acquire
[请求方式] POST
[请求参数] {"query":null,"body":{"couponId":"687086e33d0d02335c1804f4","stockId":"687086e33d0d02335c1804f4_WEEKLY_1786939200000"}}
[请求头] {"Accept":"application/json, text/plain, */*","Content-Type":"application/json;charset=UTF-8","GL-X-XSRF-TOKEN":"417212b5-7374-4095-953a-1c30dd2271a8","User-Agent":"Mozilla/5.0 (Windows NT 10.0; Win64; x64) AppleWebKit/537.36 (KHTML, like Gecko) Chrome/122.0.0.0 Safari/537.36","Origin":"https://pay.ds.163.com","Referer":"https://pay.ds.163.com/","GL-ClientType":"60","GL-DeviceId":"62928d27-0388-4a61-a063-70fc41214de8","GL-Uid":"255e9b74e0264275b029a968d02941d8","GL-CheckSum":"e1d8ff14fda539f7d545059135d26387190d14a8","Content-Length":"97","Accept-Encoding":"gzip, compress, deflate, br"}
[响应结果] {"httpStatus":200,"data":{"code":803,"errmsg":"库存已失效"}}
============================================================
============================================================
[抢购等级] V5
[请求时间] 2026/8/17 11:10:03.970
[响应时间] 2026/8/17 11:10:04.109
[耗时] 139ms
[请求路径] https://inf.ds.163.com/v1/web/exp/week-coupon/acquire
[请求方式] POST
[请求参数] {"query":null,"body":{"couponId":"687086e33d0d02335c1804f4","stockId":"687086e33d0d02335c1804f4_WEEKLY_1786939200000"}}
[请求头] {"Accept":"application/json, text/plain, */*","Content-Type":"application/json;charset=UTF-8","GL-X-XSRF-TOKEN":"417212b5-7374-4095-953a-1c30dd2271a8","User-Agent":"Mozilla/5.0 (Windows NT 10.0; Win64; x64) AppleWebKit/537.36 (KHTML, like Gecko) Chrome/122.0.0.0 Safari/537.36","Origin":"https://pay.ds.163.com","Referer":"https://pay.ds.163.com/","GL-ClientType":"60","GL-DeviceId":"62928d27-0388-4a61-a063-70fc41214de8","GL-Uid":"255e9b74e0264275b029a968d02941d8","GL-CheckSum":"e1d8ff14fda539f7d545059135d26387190d14a8","Content-Length":"97","Accept-Encoding":"gzip, compress, deflate, br"}
[响应结果] {"httpStatus":200,"data":{"code":803,"errmsg":"库存已失效"}}
============================================================
============================================================
[抢购等级] V5
[开火偏移] 延后 9ms（相对开抢 +9ms）
[目标开抢] 2026/8/17 11:18:00.000
[实际开火] 2026/8/17 11:18:00.009
[请求时间] 2026/8/17 11:18:00.041
[响应时间] 2026/8/17 11:18:00.181
[耗时] 140ms
[请求路径] https://inf.ds.163.com/v1/web/exp/week-coupon/acquire
[请求方式] POST
[请求参数] {"query":null,"body":{"couponId":"687086e33d0d02335c1804f4","stockId":"687086e33d0d02335c1804f4_WEEKLY_1786939200000"}}
[请求头] {"Accept":"application/json, text/plain, */*","Content-Type":"application/json;charset=UTF-8","GL-X-XSRF-TOKEN":"417212b5-7374-4095-953a-1c30dd2271a8","User-Agent":"Mozilla/5.0 (Windows NT 10.0; Win64; x64) AppleWebKit/537.36 (KHTML, like Gecko) Chrome/122.0.0.0 Safari/537.36","Origin":"https://pay.ds.163.com","Referer":"https://pay.ds.163.com/","GL-ClientType":"60","GL-DeviceId":"62928d27-0388-4a61-a063-70fc41214de8","GL-Uid":"255e9b74e0264275b029a968d02941d8","GL-CheckSum":"e1d8ff14fda539f7d545059135d26387190d14a8","Content-Length":"97","Accept-Encoding":"gzip, compress, deflate, br"}
[响应结果] {"httpStatus":200,"data":{"code":803,"errmsg":"库存已失效"}}
============================================================
============================================================
[抢购等级] V5
[请求时间] 2026/8/17 11:18:01.303
[响应时间] 2026/8/17 11:18:01.443
[耗时] 140ms
[请求路径] https://inf.ds.163.com/v1/web/exp/week-coupon/acquire
[请求方式] POST
[请求参数] {"query":null,"body":{"couponId":"687086e33d0d02335c1804f4","stockId":"687086e33d0d02335c1804f4_WEEKLY_1786939200000"}}
[请求头] {"Accept":"application/json, text/plain, */*","Content-Type":"application/json;charset=UTF-8","GL-X-XSRF-TOKEN":"417212b5-7374-4095-953a-1c30dd2271a8","User-Agent":"Mozilla/5.0 (Windows NT 10.0; Win64; x64) AppleWebKit/537.36 (KHTML, like Gecko) Chrome/122.0.0.0 Safari/537.36","Origin":"https://pay.ds.163.com","Referer":"https://pay.ds.163.com/","GL-ClientType":"60","GL-DeviceId":"62928d27-0388-4a61-a063-70fc41214de8","GL-Uid":"255e9b74e0264275b029a968d02941d8","GL-CheckSum":"e1d8ff14fda539f7d545059135d26387190d14a8","Content-Length":"97","Accept-Encoding":"gzip, compress, deflate, br"}
[响应结果] {"httpStatus":200,"data":{"code":803,"errmsg":"库存已失效"}}
============================================================
============================================================
[抢购等级] V5
[请求时间] 2026/8/17 11:18:02.555
[响应时间] 2026/8/17 11:18:02.650
[耗时] 95ms
[请求路径] https://inf.ds.163.com/v1/web/exp/week-coupon/acquire
[请求方式] POST
[请求参数] {"query":null,"body":{"couponId":"687086e33d0d02335c1804f4","stockId":"687086e33d0d02335c1804f4_WEEKLY_1786939200000"}}
[请求头] {"Accept":"application/json, text/plain, */*","Content-Type":"application/json;charset=UTF-8","GL-X-XSRF-TOKEN":"417212b5-7374-4095-953a-1c30dd2271a8","User-Agent":"Mozilla/5.0 (Windows NT 10.0; Win64; x64) AppleWebKit/537.36 (KHTML, like Gecko) Chrome/122.0.0.0 Safari/537.36","Origin":"https://pay.ds.163.com","Referer":"https://pay.ds.163.com/","GL-ClientType":"60","GL-DeviceId":"62928d27-0388-4a61-a063-70fc41214de8","GL-Uid":"255e9b74e0264275b029a968d02941d8","GL-CheckSum":"e1d8ff14fda539f7d545059135d26387190d14a8","Content-Length":"97","Accept-Encoding":"gzip, compress, deflate, br"}
[响应结果] {"httpStatus":200,"data":{"code":803,"errmsg":"库存已失效"}}
============================================================
============================================================
[抢购等级] V5
[开火偏移] 延后 6ms（相对开抢 +6ms）
[目标开抢] 2026/8/17 12:00:00.000
[实际开火] 2026/8/17 12:00:00.006
[请求时间] 2026/8/17 12:00:02.489
[响应时间] 2026/8/17 12:00:03.304
[耗时] 815ms
[请求路径] https://inf.ds.163.com/v1/web/exp/week-coupon/acquire
[请求方式] POST
[请求参数] {"query":null,"body":{"couponId":"687086e33d0d02335c1804f4","stockId":"687086e33d0d02335c1804f4_WEEKLY_1786939200000"}}
[请求头] {"Accept":"application/json, text/plain, */*","Content-Type":"application/json;charset=UTF-8","GL-X-XSRF-TOKEN":"417212b5-7374-4095-953a-1c30dd2271a8","User-Agent":"Mozilla/5.0 (Windows NT 10.0; Win64; x64) AppleWebKit/537.36 (KHTML, like Gecko) Chrome/122.0.0.0 Safari/537.36","Origin":"https://pay.ds.163.com","Referer":"https://pay.ds.163.com/","GL-ClientType":"60","GL-DeviceId":"62928d27-0388-4a61-a063-70fc41214de8","GL-Uid":"255e9b74e0264275b029a968d02941d8","GL-CheckSum":"e1d8ff14fda539f7d545059135d26387190d14a8","Content-Length":"97","Accept-Encoding":"gzip, compress, deflate, br"}
[响应结果] {"httpStatus":200,"data":{"code":809,"errmsg":"您已经领取过本轮福利金"}}
============================================================
