============================================================
[抢购等级] V7
[开火偏移] 延后 6ms（相对开抢 +6ms）
[目标开抢] 2026/8/17 11:10:00.000
[实际开火] 2026/8/17 11:10:00.006
[请求时间] 2026/8/17 11:10:00.037
[响应时间] 2026/8/17 11:10:00.260
[耗时] 223ms
[请求路径] https://inf.ds.163.com/v1/web/exp/week-coupon/acquire
[请求方式] POST
[请求参数] {"query":null,"body":{"couponId":"6870872e89fddd2bbdec96bd","stockId":"6870872e89fddd2bbdec96bd_WEEKLY_1786939200000"}}
[请求头] {"Accept":"application/json, text/plain, */*","Content-Type":"application/json;charset=UTF-8","GL-X-XSRF-TOKEN":"f074a101-b0ec-41a6-9eac-49353ce30e44","User-Agent":"Mozilla/5.0 (Windows NT 10.0; Win64; x64) AppleWebKit/537.36 (KHTML, like Gecko) Chrome/122.0.0.0 Safari/537.36","Origin":"https://pay.ds.163.com","Referer":"https://pay.ds.163.com/","GL-ClientType":"60","GL-DeviceId":"5e740536-2b3b-494a-8192-619622d0699d","GL-Uid":"26d7ab6763b54087a0585de3943c56ea","GL-CheckSum":"41d204ce10c7314707a084c7f0b628cf9f52eb09","Content-Length":"97","Accept-Encoding":"gzip, compress, deflate, br"}
[响应结果] {"httpStatus":200,"data":{"code":803,"errmsg":"库存已失效"}}
============================================================
============================================================
[抢购等级] V7
[请求时间] 2026/8/17 11:10:01.408
[响应时间] 2026/8/17 11:10:01.646
[耗时] 238ms
[请求路径] https://inf.ds.163.com/v1/web/exp/week-coupon/acquire
[请求方式] POST
[请求参数] {"query":null,"body":{"couponId":"6870872e89fddd2bbdec96bd","stockId":"6870872e89fddd2bbdec96bd_WEEKLY_1786939200000"}}
[请求头] {"Accept":"application/json, text/plain, */*","Content-Type":"application/json;charset=UTF-8","GL-X-XSRF-TOKEN":"f074a101-b0ec-41a6-9eac-49353ce30e44","User-Agent":"Mozilla/5.0 (Windows NT 10.0; Win64; x64) AppleWebKit/537.36 (KHTML, like Gecko) Chrome/122.0.0.0 Safari/537.36","Origin":"https://pay.ds.163.com","Referer":"https://pay.ds.163.com/","GL-ClientType":"60","GL-DeviceId":"5e740536-2b3b-494a-8192-619622d0699d","GL-Uid":"26d7ab6763b54087a0585de3943c56ea","GL-CheckSum":"41d204ce10c7314707a084c7f0b628cf9f52eb09","Content-Length":"97","Accept-Encoding":"gzip, compress, deflate, br"}
[响应结果] {"httpStatus":200,"data":{"code":803,"errmsg":"库存已失效"}}
============================================================
============================================================
[抢购等级] V7
[请求时间] 2026/8/17 11:10:02.780
[响应时间] 2026/8/17 11:10:02.944
[耗时] 164ms
[请求路径] https://inf.ds.163.com/v1/web/exp/week-coupon/acquire
[请求方式] POST
[请求参数] {"query":null,"body":{"couponId":"6870872e89fddd2bbdec96bd","stockId":"6870872e89fddd2bbdec96bd_WEEKLY_1786939200000"}}
[请求头] {"Accept":"application/json, text/plain, */*","Content-Type":"application/json;charset=UTF-8","GL-X-XSRF-TOKEN":"f074a101-b0ec-41a6-9eac-49353ce30e44","User-Agent":"Mozilla/5.0 (Windows NT 10.0; Win64; x64) AppleWebKit/537.36 (KHTML, like Gecko) Chrome/122.0.0.0 Safari/537.36","Origin":"https://pay.ds.163.com","Referer":"https://pay.ds.163.com/","GL-ClientType":"60","GL-DeviceId":"5e740536-2b3b-494a-8192-619622d0699d","GL-Uid":"26d7ab6763b54087a0585de3943c56ea","GL-CheckSum":"41d204ce10c7314707a084c7f0b628cf9f52eb09","Content-Length":"97","Accept-Encoding":"gzip, compress, deflate, br"}
[响应结果] {"httpStatus":200,"data":{"code":803,"errmsg":"库存已失效"}}
============================================================
============================================================
[抢购等级] V7
[请求时间] 2026/8/17 11:10:04.029
[响应时间] 2026/8/17 11:10:04.180
[耗时] 151ms
[请求路径] https://inf.ds.163.com/v1/web/exp/week-coupon/acquire
[请求方式] POST
[请求参数] {"query":null,"body":{"couponId":"6870872e89fddd2bbdec96bd","stockId":"6870872e89fddd2bbdec96bd_WEEKLY_1786939200000"}}
[请求头] {"Accept":"application/json, text/plain, */*","Content-Type":"application/json;charset=UTF-8","GL-X-XSRF-TOKEN":"f074a101-b0ec-41a6-9eac-49353ce30e44","User-Agent":"Mozilla/5.0 (Windows NT 10.0; Win64; x64) AppleWebKit/537.36 (KHTML, like Gecko) Chrome/122.0.0.0 Safari/537.36","Origin":"https://pay.ds.163.com","Referer":"https://pay.ds.163.com/","GL-ClientType":"60","GL-DeviceId":"5e740536-2b3b-494a-8192-619622d0699d","GL-Uid":"26d7ab6763b54087a0585de3943c56ea","GL-CheckSum":"41d204ce10c7314707a084c7f0b628cf9f52eb09","Content-Length":"97","Accept-Encoding":"gzip, compress, deflate, br"}
[响应结果] {"httpStatus":200,"data":{"code":803,"errmsg":"库存已失效"}}
============================================================
============================================================
[抢购等级] V7
[开火偏移] 延后 10ms（相对开抢 +10ms）
[目标开抢] 2026/8/17 11:18:00.000
[实际开火] 2026/8/17 11:18:00.010
[请求时间] 2026/8/17 11:18:00.050
[响应时间] 2026/8/17 11:18:00.205
[耗时] 155ms
[请求路径] https://inf.ds.163.com/v1/web/exp/week-coupon/acquire
[请求方式] POST
[请求参数] {"query":null,"body":{"couponId":"6870872e89fddd2bbdec96bd","stockId":"6870872e89fddd2bbdec96bd_WEEKLY_1786939200000"}}
[请求头] {"Accept":"application/json, text/plain, */*","Content-Type":"application/json;charset=UTF-8","GL-X-XSRF-TOKEN":"f074a101-b0ec-41a6-9eac-49353ce30e44","User-Agent":"Mozilla/5.0 (Windows NT 10.0; Win64; x64) AppleWebKit/537.36 (KHTML, like Gecko) Chrome/122.0.0.0 Safari/537.36","Origin":"https://pay.ds.163.com","Referer":"https://pay.ds.163.com/","GL-ClientType":"60","GL-DeviceId":"5e740536-2b3b-494a-8192-619622d0699d","GL-Uid":"26d7ab6763b54087a0585de3943c56ea","GL-CheckSum":"41d204ce10c7314707a084c7f0b628cf9f52eb09","Content-Length":"97","Accept-Encoding":"gzip, compress, deflate, br"}
[响应结果] {"httpStatus":200,"data":{"code":803,"errmsg":"库存已失效"}}
============================================================
============================================================
[抢购等级] V7
[请求时间] 2026/8/17 11:18:01.309
[响应时间] 2026/8/17 11:18:01.443
[耗时] 134ms
[请求路径] https://inf.ds.163.com/v1/web/exp/week-coupon/acquire
[请求方式] POST
[请求参数] {"query":null,"body":{"couponId":"6870872e89fddd2bbdec96bd","stockId":"6870872e89fddd2bbdec96bd_WEEKLY_1786939200000"}}
[请求头] {"Accept":"application/json, text/plain, */*","Content-Type":"application/json;charset=UTF-8","GL-X-XSRF-TOKEN":"f074a101-b0ec-41a6-9eac-49353ce30e44","User-Agent":"Mozilla/5.0 (Windows NT 10.0; Win64; x64) AppleWebKit/537.36 (KHTML, like Gecko) Chrome/122.0.0.0 Safari/537.36","Origin":"https://pay.ds.163.com","Referer":"https://pay.ds.163.com/","GL-ClientType":"60","GL-DeviceId":"5e740536-2b3b-494a-8192-619622d0699d","GL-Uid":"26d7ab6763b54087a0585de3943c56ea","GL-CheckSum":"41d204ce10c7314707a084c7f0b628cf9f52eb09","Content-Length":"97","Accept-Encoding":"gzip, compress, deflate, br"}
[响应结果] {"httpStatus":200,"data":{"code":803,"errmsg":"库存已失效"}}
============================================================
============================================================
[抢购等级] V7
[请求时间] 2026/8/17 11:18:02.545
[响应时间] 2026/8/17 11:18:02.625
[耗时] 80ms
[请求路径] https://inf.ds.163.com/v1/web/exp/week-coupon/acquire
[请求方式] POST
[请求参数] {"query":null,"body":{"couponId":"6870872e89fddd2bbdec96bd","stockId":"6870872e89fddd2bbdec96bd_WEEKLY_1786939200000"}}
[请求头] {"Accept":"application/json, text/plain, */*","Content-Type":"application/json;charset=UTF-8","GL-X-XSRF-TOKEN":"f074a101-b0ec-41a6-9eac-49353ce30e44","User-Agent":"Mozilla/5.0 (Windows NT 10.0; Win64; x64) AppleWebKit/537.36 (KHTML, like Gecko) Chrome/122.0.0.0 Safari/537.36","Origin":"https://pay.ds.163.com","Referer":"https://pay.ds.163.com/","GL-ClientType":"60","GL-DeviceId":"5e740536-2b3b-494a-8192-619622d0699d","GL-Uid":"26d7ab6763b54087a0585de3943c56ea","GL-CheckSum":"41d204ce10c7314707a084c7f0b628cf9f52eb09","Content-Length":"97","Accept-Encoding":"gzip, compress, deflate, br"}
[响应结果] {"httpStatus":200,"data":{"code":803,"errmsg":"库存已失效"}}
============================================================
============================================================
[抢购等级] V7
[请求时间] 2026/8/17 11:18:03.712
[响应时间] 2026/8/17 11:18:03.799
[耗时] 87ms
[请求路径] https://inf.ds.163.com/v1/web/exp/week-coupon/acquire
[请求方式] POST
[请求参数] {"query":null,"body":{"couponId":"6870872e89fddd2bbdec96bd","stockId":"6870872e89fddd2bbdec96bd_WEEKLY_1786939200000"}}
[请求头] {"Accept":"application/json, text/plain, */*","Content-Type":"application/json;charset=UTF-8","GL-X-XSRF-TOKEN":"f074a101-b0ec-41a6-9eac-49353ce30e44","User-Agent":"Mozilla/5.0 (Windows NT 10.0; Win64; x64) AppleWebKit/537.36 (KHTML, like Gecko) Chrome/122.0.0.0 Safari/537.36","Origin":"https://pay.ds.163.com","Referer":"https://pay.ds.163.com/","GL-ClientType":"60","GL-DeviceId":"5e740536-2b3b-494a-8192-619622d0699d","GL-Uid":"26d7ab6763b54087a0585de3943c56ea","GL-CheckSum":"41d204ce10c7314707a084c7f0b628cf9f52eb09","Content-Length":"97","Accept-Encoding":"gzip, compress, deflate, br"}
[响应结果] {"httpStatus":200,"data":{"code":803,"errmsg":"库存已失效"}}
============================================================
============================================================
[抢购等级] V7
[请求时间] 2026/8/17 11:18:04.851
[响应时间] 2026/8/17 11:18:04.944
[耗时] 93ms
[请求路径] https://inf.ds.163.com/v1/web/exp/week-coupon/acquire
[请求方式] POST
[请求参数] {"query":null,"body":{"couponId":"6870872e89fddd2bbdec96bd","stockId":"6870872e89fddd2bbdec96bd_WEEKLY_1786939200000"}}
[请求头] {"Accept":"application/json, text/plain, */*","Content-Type":"application/json;charset=UTF-8","GL-X-XSRF-TOKEN":"f074a101-b0ec-41a6-9eac-49353ce30e44","User-Agent":"Mozilla/5.0 (Windows NT 10.0; Win64; x64) AppleWebKit/537.36 (KHTML, like Gecko) Chrome/122.0.0.0 Safari/537.36","Origin":"https://pay.ds.163.com","Referer":"https://pay.ds.163.com/","GL-ClientType":"60","GL-DeviceId":"5e740536-2b3b-494a-8192-619622d0699d","GL-Uid":"26d7ab6763b54087a0585de3943c56ea","GL-CheckSum":"41d204ce10c7314707a084c7f0b628cf9f52eb09","Content-Length":"97","Accept-Encoding":"gzip, compress, deflate, br"}
[响应结果] {"httpStatus":200,"data":{"code":803,"errmsg":"库存已失效"}}
============================================================
============================================================
[抢购等级] V7
[请求时间] 2026/8/17 11:18:06.011
[响应时间] 2026/8/17 11:18:06.062
[耗时] 51ms
[请求路径] https://inf.ds.163.com/v1/web/exp/week-coupon/acquire
[请求方式] POST
[请求参数] {"query":null,"body":{"couponId":"6870872e89fddd2bbdec96bd","stockId":"6870872e89fddd2bbdec96bd_WEEKLY_1786939200000"}}
[请求头] {"Accept":"application/json, text/plain, */*","Content-Type":"application/json;charset=UTF-8","GL-X-XSRF-TOKEN":"f074a101-b0ec-41a6-9eac-49353ce30e44","User-Agent":"Mozilla/5.0 (Windows NT 10.0; Win64; x64) AppleWebKit/537.36 (KHTML, like Gecko) Chrome/122.0.0.0 Safari/537.36","Origin":"https://pay.ds.163.com","Referer":"https://pay.ds.163.com/","GL-ClientType":"60","GL-DeviceId":"5e740536-2b3b-494a-8192-619622d0699d","GL-Uid":"26d7ab6763b54087a0585de3943c56ea","GL-CheckSum":"41d204ce10c7314707a084c7f0b628cf9f52eb09","Content-Length":"97","Accept-Encoding":"gzip, compress, deflate, br"}
[响应结果] {"httpStatus":200,"data":{"code":803,"errmsg":"库存已失效"}}
============================================================
============================================================
[抢购等级] V7
[请求时间] 2026/8/17 11:18:07.133
[响应时间] 2026/8/17 11:18:07.188
[耗时] 55ms
[请求路径] https://inf.ds.163.com/v1/web/exp/week-coupon/acquire
[请求方式] POST
[请求参数] {"query":null,"body":{"couponId":"6870872e89fddd2bbdec96bd","stockId":"6870872e89fddd2bbdec96bd_WEEKLY_1786939200000"}}
[请求头] {"Accept":"application/json, text/plain, */*","Content-Type":"application/json;charset=UTF-8","GL-X-XSRF-TOKEN":"f074a101-b0ec-41a6-9eac-49353ce30e44","User-Agent":"Mozilla/5.0 (Windows NT 10.0; Win64; x64) AppleWebKit/537.36 (KHTML, like Gecko) Chrome/122.0.0.0 Safari/537.36","Origin":"https://pay.ds.163.com","Referer":"https://pay.ds.163.com/","GL-ClientType":"60","GL-DeviceId":"5e740536-2b3b-494a-8192-619622d0699d","GL-Uid":"26d7ab6763b54087a0585de3943c56ea","GL-CheckSum":"41d204ce10c7314707a084c7f0b628cf9f52eb09","Content-Length":"97","Accept-Encoding":"gzip, compress, deflate, br"}
[响应结果] {"httpStatus":200,"data":{"code":803,"errmsg":"库存已失效"}}
============================================================
============================================================
[抢购等级] V7
[请求时间] 2026/8/17 11:18:08.250
[响应时间] 2026/8/17 11:18:08.317
[耗时] 67ms
[请求路径] https://inf.ds.163.com/v1/web/exp/week-coupon/acquire
[请求方式] POST
[请求参数] {"query":null,"body":{"couponId":"6870872e89fddd2bbdec96bd","stockId":"6870872e89fddd2bbdec96bd_WEEKLY_1786939200000"}}
[请求头] {"Accept":"application/json, text/plain, */*","Content-Type":"application/json;charset=UTF-8","GL-X-XSRF-TOKEN":"f074a101-b0ec-41a6-9eac-49353ce30e44","User-Agent":"Mozilla/5.0 (Windows NT 10.0; Win64; x64) AppleWebKit/537.36 (KHTML, like Gecko) Chrome/122.0.0.0 Safari/537.36","Origin":"https://pay.ds.163.com","Referer":"https://pay.ds.163.com/","GL-ClientType":"60","GL-DeviceId":"5e740536-2b3b-494a-8192-619622d0699d","GL-Uid":"26d7ab6763b54087a0585de3943c56ea","GL-CheckSum":"41d204ce10c7314707a084c7f0b628cf9f52eb09","Content-Length":"97","Accept-Encoding":"gzip, compress, deflate, br"}
[响应结果] {"httpStatus":200,"data":{"code":803,"errmsg":"库存已失效"}}
============================================================
============================================================
[抢购等级] V7
[开火偏移] 延后 1ms（相对开抢 +1ms）
[目标开抢] 2026/8/17 12:00:00.000
[实际开火] 2026/8/17 12:00:00.001
[请求时间] 2026/8/17 12:00:02.489
[响应时间] 2026/8/17 12:00:03.849
[耗时] 1360ms
[请求路径] https://inf.ds.163.com/v1/web/exp/week-coupon/acquire
[请求方式] POST
[请求参数] {"query":null,"body":{"couponId":"6870872e89fddd2bbdec96bd","stockId":"6870872e89fddd2bbdec96bd_WEEKLY_1786939200000"}}
[请求头] {"Accept":"application/json, text/plain, */*","Content-Type":"application/json;charset=UTF-8","GL-X-XSRF-TOKEN":"f074a101-b0ec-41a6-9eac-49353ce30e44","User-Agent":"Mozilla/5.0 (Windows NT 10.0; Win64; x64) AppleWebKit/537.36 (KHTML, like Gecko) Chrome/122.0.0.0 Safari/537.36","Origin":"https://pay.ds.163.com","Referer":"https://pay.ds.163.com/","GL-ClientType":"60","GL-DeviceId":"5e740536-2b3b-494a-8192-619622d0699d","GL-Uid":"26d7ab6763b54087a0585de3943c56ea","GL-CheckSum":"41d204ce10c7314707a084c7f0b628cf9f52eb09","Content-Length":"97","Accept-Encoding":"gzip, compress, deflate, br"}
[响应结果] {"httpStatus":200,"data":{"code":40008,"errmsg":"当前库存已不足，敬请参与下期活动噢"}}
============================================================
============================================================
[抢购等级] V7
[请求时间] 2026/8/17 12:00:04.856
[响应时间] 2026/8/17 12:00:06.113
[耗时] 1257ms
[请求路径] https://inf.ds.163.com/v1/web/exp/week-coupon/acquire
[请求方式] POST
[请求参数] {"query":null,"body":{"couponId":"6870872e89fddd2bbdec96bd","stockId":"6870872e89fddd2bbdec96bd_WEEKLY_1786939200000"}}
[请求头] {"Accept":"application/json, text/plain, */*","Content-Type":"application/json;charset=UTF-8","GL-X-XSRF-TOKEN":"f074a101-b0ec-41a6-9eac-49353ce30e44","User-Agent":"Mozilla/5.0 (Windows NT 10.0; Win64; x64) AppleWebKit/537.36 (KHTML, like Gecko) Chrome/122.0.0.0 Safari/537.36","Origin":"https://pay.ds.163.com","Referer":"https://pay.ds.163.com/","GL-ClientType":"60","GL-DeviceId":"5e740536-2b3b-494a-8192-619622d0699d","GL-Uid":"26d7ab6763b54087a0585de3943c56ea","GL-CheckSum":"41d204ce10c7314707a084c7f0b628cf9f52eb09","Content-Length":"97","Accept-Encoding":"gzip, compress, deflate, br"}
[响应结果] {"httpStatus":200,"data":{"code":40009,"errmsg":"活动太火爆了，请稍后再试"}}
============================================================
============================================================
[抢购等级] V7
[请求时间] 2026/8/17 12:00:07.117
[响应时间] 2026/8/17 12:00:07.184
[耗时] 67ms
[请求路径] https://inf.ds.163.com/v1/web/exp/week-coupon/acquire
[请求方式] POST
[请求参数] {"query":null,"body":{"couponId":"6870872e89fddd2bbdec96bd","stockId":"6870872e89fddd2bbdec96bd_WEEKLY_1786939200000"}}
[请求头] {"Accept":"application/json, text/plain, */*","Content-Type":"application/json;charset=UTF-8","GL-X-XSRF-TOKEN":"f074a101-b0ec-41a6-9eac-49353ce30e44","User-Agent":"Mozilla/5.0 (Windows NT 10.0; Win64; x64) AppleWebKit/537.36 (KHTML, like Gecko) Chrome/122.0.0.0 Safari/537.36","Origin":"https://pay.ds.163.com","Referer":"https://pay.ds.163.com/","GL-ClientType":"60","GL-DeviceId":"5e740536-2b3b-494a-8192-619622d0699d","GL-Uid":"26d7ab6763b54087a0585de3943c56ea","GL-CheckSum":"41d204ce10c7314707a084c7f0b628cf9f52eb09","Content-Length":"97","Accept-Encoding":"gzip, compress, deflate, br"}
[响应结果] {"httpStatus":200,"data":{"code":40009,"errmsg":"活动太火爆了，请稍后再试"}}
============================================================
============================================================
[抢购等级] V7
[请求时间] 2026/8/17 12:00:08.192
[响应时间] 2026/8/17 12:00:08.249
[耗时] 57ms
[请求路径] https://inf.ds.163.com/v1/web/exp/week-coupon/acquire
[请求方式] POST
[请求参数] {"query":null,"body":{"couponId":"6870872e89fddd2bbdec96bd","stockId":"6870872e89fddd2bbdec96bd_WEEKLY_1786939200000"}}
[请求头] {"Accept":"application/json, text/plain, */*","Content-Type":"application/json;charset=UTF-8","GL-X-XSRF-TOKEN":"f074a101-b0ec-41a6-9eac-49353ce30e44","User-Agent":"Mozilla/5.0 (Windows NT 10.0; Win64; x64) AppleWebKit/537.36 (KHTML, like Gecko) Chrome/122.0.0.0 Safari/537.36","Origin":"https://pay.ds.163.com","Referer":"https://pay.ds.163.com/","GL-ClientType":"60","GL-DeviceId":"5e740536-2b3b-494a-8192-619622d0699d","GL-Uid":"26d7ab6763b54087a0585de3943c56ea","GL-CheckSum":"41d204ce10c7314707a084c7f0b628cf9f52eb09","Content-Length":"97","Accept-Encoding":"gzip, compress, deflate, br"}
[响应结果] {"httpStatus":200,"data":{"code":40009,"errmsg":"活动太火爆了，请稍后再试"}}
============================================================
============================================================
[抢购等级] V7
[请求时间] 2026/8/17 12:00:09.259
[响应时间] 2026/8/17 12:00:09.312
[耗时] 53ms
[请求路径] https://inf.ds.163.com/v1/web/exp/week-coupon/acquire
[请求方式] POST
[请求参数] {"query":null,"body":{"couponId":"6870872e89fddd2bbdec96bd","stockId":"6870872e89fddd2bbdec96bd_WEEKLY_1786939200000"}}
[请求头] {"Accept":"application/json, text/plain, */*","Content-Type":"application/json;charset=UTF-8","GL-X-XSRF-TOKEN":"f074a101-b0ec-41a6-9eac-49353ce30e44","User-Agent":"Mozilla/5.0 (Windows NT 10.0; Win64; x64) AppleWebKit/537.36 (KHTML, like Gecko) Chrome/122.0.0.0 Safari/537.36","Origin":"https://pay.ds.163.com","Referer":"https://pay.ds.163.com/","GL-ClientType":"60","GL-DeviceId":"5e740536-2b3b-494a-8192-619622d0699d","GL-Uid":"26d7ab6763b54087a0585de3943c56ea","GL-CheckSum":"41d204ce10c7314707a084c7f0b628cf9f52eb09","Content-Length":"97","Accept-Encoding":"gzip, compress, deflate, br"}
[响应结果] {"httpStatus":200,"data":{"code":40009,"errmsg":"活动太火爆了，请稍后再试"}}
============================================================
